../Core/Inc/comparePrintercode.h:66:6:select_command_pair	4
../Core/Inc/comparePrintercode.h:86:12:check_start_condition	3
../Core/Inc/comparePrintercode.h:95:12:check_end_condition	3
../Core/Inc/comparePrintercode.h:110:6:initialize_command_pair	1
../Core/Src/main.c:96:1:__io_putchar	1
../Core/Src/main.c:162:6:PrintUart3Data	44
../Core/Src/main.c:227:6:wait_res_init	1
../Core/Src/main.c:234:6:xuly_package_ESP	19
../Core/Src/main.c:377:9:sosanhlenhfct	4
../Core/Src/main.c:464:6:kiemtra_request_tu_PC	18
../Core/Src/main.c:650:6:transmit_to_esp_process	8
../Core/Src/main.c:699:5:get_header	6
../Core/Src/main.c:761:5:get_nextdata	3
../Core/Src/main.c:805:5:check_status_esp	3
../Core/Src/main.c:837:10:get_addr_header	2
../Core/Src/main.c:852:10:get_addr_data	2
../Core/Src/main.c:867:6:clear_flash	1
../Core/Src/main.c:879:6:set_erro	1
../Core/Src/main.c:889:6:check_data_print	12
../Core/Src/main.c:1052:6:xuly_data_print_itx	2
../Core/Src/main.c:1071:6:chuyentiepPrintertoPC	6
../Core/Src/main.c:1100:6:chuyentiepPCtoPrinter	3
../Core/Src/main.c:1129:6:inmainstatus	7
../Core/Src/main.c:1176:6:send_satatus	3
../Core/Src/main.c:1198:5:main	8
../Core/Src/main.c:1301:6:SystemClock_Config	3
../Core/Src/main.c:1342:13:MX_USART1_UART_Init	2
../Core/Src/main.c:1375:13:MX_USART2_UART_Init	2
../Core/Src/main.c:1408:13:MX_USART3_UART_Init	2
../Core/Src/main.c:1441:13:MX_GPIO_Init	1
../Core/Src/main.c:1485:6:HAL_UART_RxCpltCallback	7
../Core/Src/main.c:1535:6:HAL_UARTEx_RxEventCallback	3
../Core/Src/main.c:1580:6:HAL_UART_TxCpltCallback	4
../Core/Src/main.c:1601:6:Error_Handler	1
