../Core/Inc/comparePrintercode.h:66:6:select_command_pair	16	static
../Core/Inc/comparePrintercode.h:86:12:check_start_condition	16	static
../Core/Inc/comparePrintercode.h:95:12:check_end_condition	16	static
../Core/Inc/comparePrintercode.h:110:6:initialize_command_pair	16	static
../Core/Src/main.c:96:1:__io_putchar	16	static
../Core/Src/main.c:162:6:PrintUart3Data	24	static
../Core/Src/main.c:227:6:wait_res_init	16	static
../Core/Src/main.c:234:6:xuly_package_ESP	24	static
../Core/Src/main.c:377:9:sosanhlenhfct	40	static
../Core/Src/main.c:464:6:kiemtra_request_tu_PC	80	static
../Core/Src/main.c:650:6:transmit_to_esp_process	16	static
../Core/Src/main.c:699:5:get_header	64	static
../Core/Src/main.c:761:5:get_nextdata	32	static
../Core/Src/main.c:805:5:check_status_esp	16	static
../Core/Src/main.c:837:10:get_addr_header	16	static
../Core/Src/main.c:852:10:get_addr_data	16	static
../Core/Src/main.c:867:6:clear_flash	16	static
../Core/Src/main.c:879:6:set_erro	8	static
../Core/Src/main.c:889:6:check_data_print	4144	static
../Core/Src/main.c:1052:6:xuly_data_print_itx	8	static
../Core/Src/main.c:1071:6:chuyentiepPrintertoPC	16	static
../Core/Src/main.c:1100:6:chuyentiepPCtoPrinter	24	static
../Core/Src/main.c:1129:6:inmainstatus	8	static
../Core/Src/main.c:1176:6:send_satatus	16	static
../Core/Src/main.c:1198:5:main	24	static
../Core/Src/main.c:1301:6:SystemClock_Config	80	static
../Core/Src/main.c:1342:13:MX_USART1_UART_Init	8	static
../Core/Src/main.c:1375:13:MX_USART2_UART_Init	8	static
../Core/Src/main.c:1408:13:MX_USART3_UART_Init	8	static
../Core/Src/main.c:1441:13:MX_GPIO_Init	48	static
../Core/Src/main.c:1485:6:HAL_UART_RxCpltCallback	24	static
../Core/Src/main.c:1535:6:HAL_UARTEx_RxEventCallback	16	static
../Core/Src/main.c:1580:6:HAL_UART_TxCpltCallback	16	static
../Core/Src/main.c:1601:6:Error_Handler	4	static,ignoring_inline_asm
