../Core/Src/main.c:86:1:__io_putchar	16	static
../Core/Src/main.c:302:6:PrintUart3Data	24	static
../Core/Src/main.c:466:6:Handle_Uart	16	static
../Core/Src/main.c:527:6:xuly_command_ESP	8	static
../Core/Src/main.c:533:6:save_data_to_flash	48	static
../Core/Src/main.c:567:6:wait_res_init	16	static
../Core/Src/main.c:581:5:main	16	static
../Core/Src/main.c:745:6:SystemClock_Config	80	static
../Core/Src/main.c:786:13:MX_USART1_UART_Init	8	static
../Core/Src/main.c:819:13:MX_USART2_UART_Init	8	static
../Core/Src/main.c:852:13:MX_USART3_UART_Init	8	static
../Core/Src/main.c:883:13:MX_DMA_Init	16	static
../Core/Src/main.c:910:13:MX_GPIO_Init	48	static
../Core/Src/main.c:954:6:HAL_UART_RxCpltCallback	24	static
../Core/Src/main.c:996:6:HAL_UARTEx_RxEventCallback	16	static
../Core/Src/main.c:1061:6:HAL_UART_TxCpltCallback	16	static
../Core/Src/main.c:1080:6:Error_Handler	4	static,ignoring_inline_asm
