Archive member included to satisfy reference by file (symbol)

d:/program file/stm32_cubeide/stm32cubeide_1.9.0/stm32cubeide/plugins/com.st.stm32cube.ide.mcu.externaltools.gnu-tools-for-stm32.10.3-2021.10.win32_1.0.0.202111181127/tools/bin/../lib/gcc/arm-none-eabi/10.3.1/../../../../arm-none-eabi/lib/thumb/v7-m/nofp\libc_nano.a(lib_a-errno.o)
                              ./Core/Src/syscalls.o (__errno)
d:/program file/stm32_cubeide/stm32cubeide_1.9.0/stm32cubeide/plugins/com.st.stm32cube.ide.mcu.externaltools.gnu-tools-for-stm32.10.3-2021.10.win32_1.0.0.202111181127/tools/bin/../lib/gcc/arm-none-eabi/10.3.1/../../../../arm-none-eabi/lib/thumb/v7-m/nofp\libc_nano.a(lib_a-exit.o)
                              d:/program file/stm32_cubeide/stm32cubeide_1.9.0/stm32cubeide/plugins/com.st.stm32cube.ide.mcu.externaltools.gnu-tools-for-stm32.10.3-2021.10.win32_1.0.0.202111181127/tools/bin/../lib/gcc/arm-none-eabi/10.3.1/../../../../arm-none-eabi/lib/thumb/v7-m/nofp/crt0.o (exit)
d:/program file/stm32_cubeide/stm32cubeide_1.9.0/stm32cubeide/plugins/com.st.stm32cube.ide.mcu.externaltools.gnu-tools-for-stm32.10.3-2021.10.win32_1.0.0.202111181127/tools/bin/../lib/gcc/arm-none-eabi/10.3.1/../../../../arm-none-eabi/lib/thumb/v7-m/nofp\libc_nano.a(lib_a-impure.o)
                              d:/program file/stm32_cubeide/stm32cubeide_1.9.0/stm32cubeide/plugins/com.st.stm32cube.ide.mcu.externaltools.gnu-tools-for-stm32.10.3-2021.10.win32_1.0.0.202111181127/tools/bin/../lib/gcc/arm-none-eabi/10.3.1/../../../../arm-none-eabi/lib/thumb/v7-m/nofp\libc_nano.a(lib_a-exit.o) (_global_impure_ptr)
d:/program file/stm32_cubeide/stm32cubeide_1.9.0/stm32cubeide/plugins/com.st.stm32cube.ide.mcu.externaltools.gnu-tools-for-stm32.10.3-2021.10.win32_1.0.0.202111181127/tools/bin/../lib/gcc/arm-none-eabi/10.3.1/../../../../arm-none-eabi/lib/thumb/v7-m/nofp\libc_nano.a(lib_a-init.o)
                              d:/program file/stm32_cubeide/stm32cubeide_1.9.0/stm32cubeide/plugins/com.st.stm32cube.ide.mcu.externaltools.gnu-tools-for-stm32.10.3-2021.10.win32_1.0.0.202111181127/tools/bin/../lib/gcc/arm-none-eabi/10.3.1/../../../../arm-none-eabi/lib/thumb/v7-m/nofp/crt0.o (__libc_init_array)
d:/program file/stm32_cubeide/stm32cubeide_1.9.0/stm32cubeide/plugins/com.st.stm32cube.ide.mcu.externaltools.gnu-tools-for-stm32.10.3-2021.10.win32_1.0.0.202111181127/tools/bin/../lib/gcc/arm-none-eabi/10.3.1/../../../../arm-none-eabi/lib/thumb/v7-m/nofp\libc_nano.a(lib_a-memcmp.o)
                              ./Core/Src/main.o (memcmp)
d:/program file/stm32_cubeide/stm32cubeide_1.9.0/stm32cubeide/plugins/com.st.stm32cube.ide.mcu.externaltools.gnu-tools-for-stm32.10.3-2021.10.win32_1.0.0.202111181127/tools/bin/../lib/gcc/arm-none-eabi/10.3.1/../../../../arm-none-eabi/lib/thumb/v7-m/nofp\libc_nano.a(lib_a-memcpy-stub.o)
                              ./Core/Src/main.o (memcpy)
d:/program file/stm32_cubeide/stm32cubeide_1.9.0/stm32cubeide/plugins/com.st.stm32cube.ide.mcu.externaltools.gnu-tools-for-stm32.10.3-2021.10.win32_1.0.0.202111181127/tools/bin/../lib/gcc/arm-none-eabi/10.3.1/../../../../arm-none-eabi/lib/thumb/v7-m/nofp\libc_nano.a(lib_a-memset.o)
                              d:/program file/stm32_cubeide/stm32cubeide_1.9.0/stm32cubeide/plugins/com.st.stm32cube.ide.mcu.externaltools.gnu-tools-for-stm32.10.3-2021.10.win32_1.0.0.202111181127/tools/bin/../lib/gcc/arm-none-eabi/10.3.1/../../../../arm-none-eabi/lib/thumb/v7-m/nofp/crt0.o (memset)
d:/program file/stm32_cubeide/stm32cubeide_1.9.0/stm32cubeide/plugins/com.st.stm32cube.ide.mcu.externaltools.gnu-tools-for-stm32.10.3-2021.10.win32_1.0.0.202111181127/tools/bin/../lib/gcc/arm-none-eabi/10.3.1/../../../../arm-none-eabi/lib/thumb/v7-m/nofp\libc_nano.a(lib_a-printf.o)
                              ./Core/Src/main.o (printf)
d:/program file/stm32_cubeide/stm32cubeide_1.9.0/stm32cubeide/plugins/com.st.stm32cube.ide.mcu.externaltools.gnu-tools-for-stm32.10.3-2021.10.win32_1.0.0.202111181127/tools/bin/../lib/gcc/arm-none-eabi/10.3.1/../../../../arm-none-eabi/lib/thumb/v7-m/nofp\libc_nano.a(lib_a-putchar.o)
                              ./Core/Src/main.o (putchar)
d:/program file/stm32_cubeide/stm32cubeide_1.9.0/stm32cubeide/plugins/com.st.stm32cube.ide.mcu.externaltools.gnu-tools-for-stm32.10.3-2021.10.win32_1.0.0.202111181127/tools/bin/../lib/gcc/arm-none-eabi/10.3.1/../../../../arm-none-eabi/lib/thumb/v7-m/nofp\libc_nano.a(lib_a-puts.o)
                              ./Core/Src/main.o (puts)
d:/program file/stm32_cubeide/stm32cubeide_1.9.0/stm32cubeide/plugins/com.st.stm32cube.ide.mcu.externaltools.gnu-tools-for-stm32.10.3-2021.10.win32_1.0.0.202111181127/tools/bin/../lib/gcc/arm-none-eabi/10.3.1/../../../../arm-none-eabi/lib/thumb/v7-m/nofp\libc_nano.a(lib_a-sprintf.o)
                              ./Core/Src/main.o (sprintf)
[...]
Memory Configuration

Name             Origin             Length             Attributes
RAM              0x0000000020000000 0x0000000000020000 xrw
FLASH            0x0000000008000000 0x0000000000100000 xr
*default*        0x0000000000000000 0xffffffffffffffff

Linker script and memory map

LOAD d:/program file/stm32_cubeide/stm32cubeide_1.9.0/stm32cubeide/plugins/com.st.stm32cube.ide.mcu.externaltools.gnu-tools-for-stm32.10.3-2021.10.win32_1.0.0.202111181127/tools/bin/../lib/gcc/arm-none-eabi/10.3.1/thumb/v7-m/nofp/crti.o
LOAD d:/program file/stm32_cubeide/stm32cubeide_1.9.0/stm32cubeide/plugins/com.st.stm32cube.ide.mcu.externaltools.gnu-tools-for-stm32.10.3-2021.10.win32_1.0.0.202111181127/tools/bin/../lib/gcc/arm-none-eabi/10.3.1/thumb/v7-m/nofp/crtbegin.o
LOAD d:/program file/stm32_cubeide/stm32cubeide_1.9.0/stm32cubeide/plugins/com.st.stm32cube.ide.mcu.externaltools.gnu-tools-for-stm32.10.3-2021.10.win32_1.0.0.202111181127/tools/bin/../lib/gcc/arm-none-eabi/10.3.1/../../../../arm-none-eabi/lib/thumb/v7-m/nofp/crt0.o
LOAD ./Core/Src/flash.o
LOAD ./Core/Src/main.o
LOAD ./Core/Src/stm32f2xx_hal_msp.o
LOAD ./Core/Src/stm32f2xx_it.o
LOAD ./Core/Src/syscalls.o
LOAD ./Core/Src/sysmem.o
LOAD ./Core/Src/system_stm32f2xx.o
LOAD ./Core/Startup/startup_stm32f205vgtx.o
LOAD ./Drivers/STM32F2xx_HAL_Driver/Src/stm32f2xx_hal.o
LOAD ./Drivers/STM32F2xx_HAL_Driver/Src/stm32f2xx_hal_cortex.o
LOAD ./Drivers/STM32F2xx_HAL_Driver/Src/stm32f2xx_hal_dma.o
LOAD ./Drivers/STM32F2xx_HAL_Driver/Src/stm32f2xx_hal_dma_ex.o
LOAD ./Drivers/STM32F2xx_HAL_Driver/Src/stm32f2xx_hal_exti.o
LOAD ./Drivers/STM32F2xx_HAL_Driver/Src/stm32f2xx_hal_flash.o
LOAD ./Drivers/STM32F2xx_HAL_Driver/Src/stm32f2xx_hal_flash_ex.o
LOAD ./Drivers/STM32F2xx_HAL_Driver/Src/stm32f2xx_hal_gpio.o
LOAD ./Drivers/STM32F2xx_HAL_Driver/Src/stm32f2xx_hal_pwr.o
LOAD ./Drivers/STM32F2xx_HAL_Driver/Src/stm32f2xx_hal_pwr_ex.o
LOAD ./Drivers/STM32F2xx_HAL_Driver/Src/stm32f2xx_hal_rcc.o
LOAD ./Drivers/STM32F2xx_HAL_Driver/Src/stm32f2xx_hal_rcc_ex.o
LOAD ./Drivers/STM32F2xx_HAL_Driver/Src/stm32f2xx_hal_tim.o
LOAD ./Drivers/STM32F2xx_HAL_Driver/Src/stm32f2xx_hal_tim_ex.o
LOAD ./Drivers/STM32F2xx_HAL_Driver/Src/stm32f2xx_hal_uart.o
START GROUP
LOAD d:/program file/stm32_cubeide/stm32cubeide_1.9.0/stm32cubeide/plugins/com.st.stm32cube.ide.mcu.externaltools.gnu-tools-for-stm32.10.3-2021.10.win32_1.0.0.202111181127/tools/bin/../lib/gcc/arm-none-eabi/10.3.1/../../../../arm-none-eabi/lib/thumb/v7-m/nofp\libc_nano.a
LOAD d:/program file/stm32_cubeide/stm32cubeide_1.9.0/stm32cubeide/plugins/com.st.stm32cube.ide.mcu.externaltools.gnu-tools-for-stm32.10.3-2021.10.win32_1.0.0.202111181127/tools/bin/../lib/gcc/arm-none-eabi/10.3.1/../../../../arm-none-eabi/lib/thumb/v7-m/nofp\libm.a
END GROUP
START GROUP
LOAD d:/program file/stm32_cubeide/stm32cubeide_1.9.0/stm32cubeide/plugins/com.st.stm32cube.ide.mcu.externaltools.gnu-tools-for-stm32.10.3-2021.10.win32_1.0.0.202111181127/tools/bin/../lib/gcc/arm-none-eabi/10.3.1/thumb/v7-m/nofp\libgcc.a
LOAD d:/program file/stm32_cubeide/stm32cubeide_1.9.0/stm32cubeide/plugins/com.st.stm32cube.ide.mcu.externaltools.gnu-tools-for-stm32.10.3-2021.10.win32_1.0.0.202111181127/tools/bin/../lib/gcc/arm-none-eabi/10.3.1/../../../../arm-none-eabi/lib/thumb/v7-m/nofp\libc_nano.a
END GROUP
START GROUP
LOAD d:/program file/stm32_cubeide/stm32cubeide_1.9.0/stm32cubeide/plugins/com.st.stm32cube.ide.mcu.externaltools.gnu-tools-for-stm32.10.3-2021.10.win32_1.0.0.202111181127/tools/bin/../lib/gcc/arm-none-eabi/10.3.1/thumb/v7-m/nofp\libgcc.a
LOAD d:/program file/stm32_cubeide/stm32cubeide_1.9.0/stm32cubeide/plugins/com.st.stm32cube.ide.mcu.externaltools.gnu-tools-for-stm32.10.3-2021.10.win32_1.0.0.202111181127/tools/bin/../lib/gcc/arm-none-eabi/10.3.1/../../../../arm-none-eabi/lib/thumb/v7-m/nofp\libc_nano.a
LOAD d:/program file/stm32_cubeide/stm32cubeide_1.9.0/stm32cubeide/plugins/com.st.stm32cube.ide.mcu.externaltools.gnu-tools-for-stm32.10.3-2021.10.win32_1.0.0.202111181127/tools/bin/../lib/gcc/arm-none-eabi/10.3.1/../../../../arm-none-eabi/lib/thumb/v7-m/nofp\libnosys.a
END GROUP
START GROUP
LOAD d:/program file/stm32_cubeide/stm32cubeide_1.9.0/stm32cubeide/plugins/com.st.stm32cube.ide.mcu.externaltools.gnu-tools-for-stm32.10.3-2021.10.win32_1.0.0.202111181127/tools/bin/../lib/gcc/arm-none-eabi/10.3.1/thumb/v7-m/nofp\libgcc.a
LOAD d:/program file/stm32_cubeide/stm32cubeide_1.9.0/stm32cubeide/plugins/com.st.stm32cube.ide.mcu.externaltools.gnu-tools-for-stm32.10.3-2021.10.win32_1.0.0.202111181127/tools/bin/../lib/gcc/arm-none-eabi/10.3.1/../../../../arm-none-eabi/lib/thumb/v7-m/nofp\libc_nano.a
LOAD d:/program file/stm32_cubeide/stm32cubeide_1.9.0/stm32cubeide/plugins/com.st.stm32cube.ide.mcu.externaltools.gnu-tools-for-stm32.10.3-2021.10.win32_1.0.0.202111181127/tools/bin/../lib/gcc/arm-none-eabi/10.3.1/../../../../arm-none-eabi/lib/thumb/v7-m/nofp\libnosys.a
END GROUP
LOAD d:/program file/stm32_cubeide/stm32cubeide_1.9.0/stm32cubeide/plugins/com.st.stm32cube.ide.mcu.externaltools.gnu-tools-for-stm32.10.3-2021.10.win32_1.0.0.202111181127/tools/bin/../lib/gcc/arm-none-eabi/10.3.1/thumb/v7-m/nofp/crtend.o
LOAD d:/program file/stm32_cubeide/stm32cubeide_1.9.0/stm32cubeide/plugins/com.st.stm32cube.ide.mcu.externaltools.gnu-tools-for-stm32.10.3-2021.10.win32_1.0.0.202111181127/tools/bin/../lib/gcc/arm-none-eabi/10.3.1/thumb/v7-m/nofp/crtn.o
                0x0000000020020000                _estack = (ORIGIN (RAM) + LENGTH (RAM))
                0x0000000000000200                _Min_Heap_Size = 0x200
                0x0000000000000400                _Min_Stack_Size = 0x400

.isr_vector     0x0000000008000000      0x184
                0x0000000008000000                . = ALIGN (0x4)
 *(.isr_vector)
 .isr_vector    0x0000000008000000      0x184 ./Core/Startup/startup_stm32f205vgtx.o
                0x0000000008000000                g_pfnVectors
                0x0000000008000184                . = ALIGN (0x4)

.text           0x0000000008000184     0x6454
                0x0000000008000184                . = ALIGN (0x4)
 *(.text)
 .text          0x0000000008000184       0x40 d:/program file/stm32_cubeide/stm32cubeide_1.9.0/stm32cubeide/plugins/com.st.stm32cube.ide.mcu.externaltools.gnu-tools-for-stm32.10.3-2021.10.win32_1.0.0.202111181127/tools/bin/../lib/gcc/arm-none-eabi/10.3.1/thumb/v7-m/nofp/crtbegin.o
 .text          0x00000000080001c4       0x30 d:/program file/stm32_cubeide/stm32cubeide_1.9.0/stm32cubeide/plugins/com.st.stm32cube.ide.mcu.externaltools.gnu-tools-for-stm32.10.3-2021.10.win32_1.0.0.202111181127/tools/bin/../lib/gcc/arm-none-eabi/10.3.1/thumb/v7-m/nofp\libgcc.a(_aeabi_uldivmod.o)
                0x00000000080001c4                __aeabi_uldivmod
 .text          0x00000000080001f4      0x2d4 d:/program file/stm32_cubeide/stm32cubeide_1.9.0/stm32cubeide/plugins/com.st.stm32cube.ide.mcu.externaltools.gnu-tools-for-stm32.10.3-2021.10.win32_1.0.0.202111181127/tools/bin/../lib/gcc/arm-none-eabi/10.3.1/thumb/v7-m/nofp\libgcc.a(_udivmoddi4.o)
                0x00000000080001f4                __udivmoddi4
 .text          0x00000000080004c8        0x4 d:/program file/stm32_cubeide/stm32cubeide_1.9.0/stm32cubeide/plugins/com.st.stm32cube.ide.mcu.externaltools.gnu-tools-for-stm32.10.3-2021.10.win32_1.0.0.202111181127/tools/bin/../lib/gcc/arm-none-eabi/10.3.1/thumb/v7-m/nofp\libgcc.a(_dvmd_tls.o)
                0x00000000080004c8                __aeabi_idiv0
                0x00000000080004c8                __aeabi_ldiv0
 *(.text*)
 .text.GetSector
                0x00000000080004cc      0x14c ./Core/Src/flash.o
                0x00000000080004cc                GetSector
 .text.Flash_Erase_sector
                0x0000000008000618       0x54 ./Core/Src/flash.o
                0x0000000008000618                Flash_Erase_sector
 .text.Flash_Erase_sector_leng
                0x000000000800066c       0x70 ./Core/Src/flash.o
                0x000000000800066c                Flash_Erase_sector_leng
 .text.Flash_Write_Data
                0x00000000080006dc       0x68 ./Core/Src/flash.o
                0x00000000080006dc                Flash_Write_Data
 .text.Flash_Read_Data
                0x0000000008000744       0x3a ./Core/Src/flash.o
                0x0000000008000744                Flash_Read_Data
 .text.convertdata
                0x000000000800077e       0x50 ./Core/Src/flash.o
                0x000000000800077e                convertdata
 *fill*         0x00000000080007ce        0x2 
 .text.select_command_pair
                0x00000000080007d0       0xac ./Core/Src/main.o
                0x00000000080007d0                select_command_pair
 .text.check_start_condition
                0x000000000800087c       0x40 ./Core/Src/main.o
 .text.check_end_condition
                0x00000000080008bc       0x50 ./Core/Src/main.o
 .text.initialize_command_pair
                0x000000000800090c       0x16 ./Core/Src/main.o
                0x000000000800090c                initialize_command_pair
 *fill*         0x0000000008000922        0x2 
 .text.__io_putchar
                0x0000000008000924       0x24 ./Core/Src/main.o
                0x0000000008000924                __io_putchar
 .text.PrintUart3Data
                0x0000000008000948      0x2e4 ./Core/Src/main.o
                0x0000000008000948                PrintUart3Data
 .text.wait_res_init
                0x0000000008000c2c       0x2c ./Core/Src/main.o
                0x0000000008000c2c                wait_res_init
 .text.xuly_package_ESP
                0x0000000008000c58      0x314 ./Core/Src/main.o
                0x0000000008000c58                xuly_package_ESP
 .text.sosanhlenhfct
                0x0000000008000f6c      0x104 ./Core/Src/main.o
                0x0000000008000f6c                sosanhlenhfct
 .text.kiemtra_request_tu_PC
                0x0000000008001070      0x420 ./Core/Src/main.o
                0x0000000008001070                kiemtra_request_tu_PC
 .text.transmit_to_esp_process
                0x0000000008001490       0xb0 ./Core/Src/main.o
                0x0000000008001490                transmit_to_esp_process
 .text.get_header
                0x0000000008001540      0x170 ./Core/Src/main.o
                0x0000000008001540                get_header
 .text.get_nextdata
                0x00000000080016b0      0x104 ./Core/Src/main.o
                0x00000000080016b0                get_nextdata
 .text.check_status_esp
                0x00000000080017b4       0x6c ./Core/Src/main.o
                0x00000000080017b4                check_status_esp
 .text.get_addr_header
                0x0000000008001820       0x40 ./Core/Src/main.o
                0x0000000008001820                get_addr_header
 .text.get_addr_data
                0x0000000008001860       0x40 ./Core/Src/main.o
                0x0000000008001860                get_addr_data
 .text.clear_flash
                0x00000000080018a0       0x5c ./Core/Src/main.o
                0x00000000080018a0                clear_flash
 .text.set_erro
                0x00000000080018fc       0x44 ./Core/Src/main.o
                0x00000000080018fc                set_erro
 .text.check_data_print
                0x0000000008001940      0x570 ./Core/Src/main.o
                0x0000000008001940                check_data_print
 .text.xuly_data_print_itx
                0x0000000008001eb0       0x20 ./Core/Src/main.o
                0x0000000008001eb0                xuly_data_print_itx
 .text.chuyentiepPrintertoPC
                0x0000000008001ed0       0xf4 ./Core/Src/main.o
                0x0000000008001ed0                chuyentiepPrintertoPC
 .text.chuyentiepPCtoPrinter
                0x0000000008001fc4       0x94 ./Core/Src/main.o
                0x0000000008001fc4                chuyentiepPCtoPrinter
 .text.inmainstatus
                0x0000000008002058       0xd0 ./Core/Src/main.o
                0x0000000008002058                inmainstatus
 .text.send_satatus
                0x0000000008002128       0x6c ./Core/Src/main.o
                0x0000000008002128                send_satatus
 .text.main     0x0000000008002194      0x1e8 ./Core/Src/main.o
                0x0000000008002194                main
 .text.SystemClock_Config
                0x000000000800237c       0x8c ./Core/Src/main.o
                0x000000000800237c                SystemClock_Config
 .text.MX_USART1_UART_Init
                0x0000000008002408       0x54 ./Core/Src/main.o
 .text.MX_USART2_UART_Init
                0x000000000800245c       0x54 ./Core/Src/main.o
 .text.MX_USART3_UART_Init
                0x00000000080024b0       0x54 ./Core/Src/main.o
 .text.MX_GPIO_Init
                0x0000000008002504      0x108 ./Core/Src/main.o
 .text.HAL_UART_RxCpltCallback
                0x000000000800260c       0xac ./Core/Src/main.o
                0x000000000800260c                HAL_UART_RxCpltCallback
 .text.HAL_UARTEx_RxEventCallback
                0x00000000080026b8       0xe8 ./Core/Src/main.o
                0x00000000080026b8                HAL_UARTEx_RxEventCallback
 .text.HAL_UART_TxCpltCallback
                0x00000000080027a0       0x64 ./Core/Src/main.o
                0x00000000080027a0                HAL_UART_TxCpltCallback
 .text.Error_Handler
                0x0000000008002804        0xa ./Core/Src/main.o
                0x0000000008002804                Error_Handler
 *fill*         0x000000000800280e        0x2 
 .text.HAL_MspInit
                0x0000000008002810       0x4c ./Core/Src/stm32f2xx_hal_msp.o
                0x0000000008002810                HAL_MspInit
 .text.HAL_UART_MspInit
                0x000000000800285c      0x198 ./Core/Src/stm32f2xx_hal_msp.o
                0x000000000800285c                HAL_UART_MspInit
 .text.NMI_Handler
                0x00000000080029f4        0x6 ./Core/Src/stm32f2xx_it.o
                0x00000000080029f4                NMI_Handler
 .text.HardFault_Handler
                0x00000000080029fa        0x6 ./Core/Src/stm32f2xx_it.o
                0x00000000080029fa                HardFault_Handler
 .text.MemManage_Handler
                0x0000000008002a00        0x6 ./Core/Src/stm32f2xx_it.o
                0x0000000008002a00                MemManage_Handler
 .text.BusFault_Handler
                0x0000000008002a06        0x6 ./Core/Src/stm32f2xx_it.o
                0x0000000008002a06                BusFault_Handler
 .text.UsageFault_Handler
                0x0000000008002a0c        0x6 ./Core/Src/stm32f2xx_it.o
                0x0000000008002a0c                UsageFault_Handler
 .text.SVC_Handler
                0x0000000008002a12        0xc ./Core/Src/stm32f2xx_it.o
                0x0000000008002a12                SVC_Handler
 .text.DebugMon_Handler
                0x0000000008002a1e        0xc ./Core/Src/stm32f2xx_it.o
                0x0000000008002a1e                DebugMon_Handler
 .text.PendSV_Handler
                0x0000000008002a2a        0xc ./Core/Src/stm32f2xx_it.o
                0x0000000008002a2a                PendSV_Handler
 .text.SysTick_Handler
                0x0000000008002a36        0xc ./Core/Src/stm32f2xx_it.o
                0x0000000008002a36                SysTick_Handler
 *fill*         0x0000000008002a42        0x2 
 .text.USART1_IRQHandler
                0x0000000008002a44       0x14 ./Core/Src/stm32f2xx_it.o
                0x0000000008002a44                USART1_IRQHandler
 .text.USART2_IRQHandler
                0x0000000008002a58       0x14 ./Core/Src/stm32f2xx_it.o
                0x0000000008002a58                USART2_IRQHandler
 .text.USART3_IRQHandler
                0x0000000008002a6c       0x14 ./Core/Src/stm32f2xx_it.o
                0x0000000008002a6c                USART3_IRQHandler
 .text._read    0x0000000008002a80       0x3a ./Core/Src/syscalls.o
                0x0000000008002a80                _read
 .text._write   0x0000000008002aba       0x38 ./Core/Src/syscalls.o
                0x0000000008002aba                _write
 .text._close   0x0000000008002af2       0x16 ./Core/Src/syscalls.o
                0x0000000008002af2                _close
 .text._fstat   0x0000000008002b08       0x1e ./Core/Src/syscalls.o
                0x0000000008002b08                _fstat
 .text._isatty  0x0000000008002b26       0x14 ./Core/Src/syscalls.o
                0x0000000008002b26                _isatty
 .text._lseek   0x0000000008002b3a       0x18 ./Core/Src/syscalls.o
                0x0000000008002b3a                _lseek
 *fill*         0x0000000008002b52        0x2 
 .text._sbrk    0x0000000008002b54       0x6c ./Core/Src/sysmem.o
                0x0000000008002b54                _sbrk
 .text.SystemInit
                0x0000000008002bc0        0xc ./Core/Src/system_stm32f2xx.o
                0x0000000008002bc0                SystemInit
 .text.Reset_Handler
                0x0000000008002bcc       0x50 ./Core/Startup/startup_stm32f205vgtx.o
                0x0000000008002bcc                Reset_Handler
 .text.Default_Handler
                0x0000000008002c1c        0x2 ./Core/Startup/startup_stm32f205vgtx.o
                0x0000000008002c1c                RTC_Alarm_IRQHandler
                0x0000000008002c1c                HASH_RNG_IRQHandler
                0x0000000008002c1c                EXTI2_IRQHandler
                0x0000000008002c1c                TIM8_CC_IRQHandler
                0x0000000008002c1c                TIM1_CC_IRQHandler
                0x0000000008002c1c                DMA2_Stream5_IRQHandler
                0x0000000008002c1c                DMA1_Stream5_IRQHandler
                0x0000000008002c1c                PVD_IRQHandler
                0x0000000008002c1c                SDIO_IRQHandler
                0x0000000008002c1c                TAMP_STAMP_IRQHandler
                0x0000000008002c1c                CAN2_RX1_IRQHandler
                0x0000000008002c1c                EXTI3_IRQHandler
                0x0000000008002c1c                TIM8_TRG_COM_TIM14_IRQHandler
                0x0000000008002c1c                TIM1_UP_TIM10_IRQHandler
                0x0000000008002c1c                TIM8_UP_TIM13_IRQHandler
                0x0000000008002c1c                I2C3_ER_IRQHandler
                0x0000000008002c1c                EXTI0_IRQHandler
                0x0000000008002c1c                I2C2_EV_IRQHandler
                0x0000000008002c1c                DMA1_Stream2_IRQHandler
                0x0000000008002c1c                CAN1_RX0_IRQHandler
                0x0000000008002c1c                OTG_HS_WKUP_IRQHandler
                0x0000000008002c1c                CAN2_SCE_IRQHandler
                0x0000000008002c1c                DMA2_Stream2_IRQHandler
                0x0000000008002c1c                SPI1_IRQHandler
                0x0000000008002c1c                TIM6_DAC_IRQHandler
                0x0000000008002c1c                TIM1_BRK_TIM9_IRQHandler
                0x0000000008002c1c                CAN2_RX0_IRQHandler
                0x0000000008002c1c                DMA2_Stream3_IRQHandler
                0x0000000008002c1c                USART6_IRQHandler
                0x0000000008002c1c                CAN1_RX1_IRQHandler
                0x0000000008002c1c                UART5_IRQHandler
                0x0000000008002c1c                DMA2_Stream0_IRQHandler
                0x0000000008002c1c                TIM4_IRQHandler
                0x0000000008002c1c                I2C1_EV_IRQHandler
                0x0000000008002c1c                DMA1_Stream6_IRQHandler
                0x0000000008002c1c                DMA1_Stream1_IRQHandler
                0x0000000008002c1c                UART4_IRQHandler
                0x0000000008002c1c                TIM3_IRQHandler
                0x0000000008002c1c                RCC_IRQHandler
                0x0000000008002c1c                TIM8_BRK_TIM12_IRQHandler
                0x0000000008002c1c                Default_Handler
                0x0000000008002c1c                EXTI15_10_IRQHandler
                0x0000000008002c1c                ADC_IRQHandler
                0x0000000008002c1c                DMA1_Stream7_IRQHandler
                0x0000000008002c1c                TIM7_IRQHandler
                0x0000000008002c1c                CAN2_TX_IRQHandler
                0x0000000008002c1c                TIM5_IRQHandler
                0x0000000008002c1c                DMA2_Stream7_IRQHandler
                0x0000000008002c1c                I2C3_EV_IRQHandler
                0x0000000008002c1c                EXTI9_5_IRQHandler
                0x0000000008002c1c                RTC_WKUP_IRQHandler
                0x0000000008002c1c                SPI2_IRQHandler
                0x0000000008002c1c                OTG_HS_EP1_IN_IRQHandler
                0x0000000008002c1c                DMA1_Stream0_IRQHandler
                0x0000000008002c1c                CAN1_TX_IRQHandler
                0x0000000008002c1c                EXTI4_IRQHandler
                0x0000000008002c1c                FSMC_IRQHandler
                0x0000000008002c1c                OTG_HS_EP1_OUT_IRQHandler
                0x0000000008002c1c                WWDG_IRQHandler
                0x0000000008002c1c                TIM2_IRQHandler
                0x0000000008002c1c                OTG_FS_WKUP_IRQHandler
                0x0000000008002c1c                TIM1_TRG_COM_TIM11_IRQHandler
                0x0000000008002c1c                OTG_HS_IRQHandler
                0x0000000008002c1c                EXTI1_IRQHandler
                0x0000000008002c1c                I2C2_ER_IRQHandler
                0x0000000008002c1c                DMA2_Stream1_IRQHandler
                0x0000000008002c1c                CAN1_SCE_IRQHandler
                0x0000000008002c1c                FLASH_IRQHandler
                0x0000000008002c1c                DMA2_Stream4_IRQHandler
                0x0000000008002c1c                OTG_FS_IRQHandler
                0x0000000008002c1c                SPI3_IRQHandler
                0x0000000008002c1c                DMA1_Stream4_IRQHandler
                0x0000000008002c1c                I2C1_ER_IRQHandler
                0x0000000008002c1c                DMA2_Stream6_IRQHandler
                0x0000000008002c1c                DMA1_Stream3_IRQHandler
 *fill*         0x0000000008002c1e        0x2 
 .text.HAL_Init
                0x0000000008002c20       0x44 ./Drivers/STM32F2xx_HAL_Driver/Src/stm32f2xx_hal.o
                0x0000000008002c20                HAL_Init
 .text.HAL_InitTick
                0x0000000008002c64       0x60 ./Drivers/STM32F2xx_HAL_Driver/Src/stm32f2xx_hal.o
                0x0000000008002c64                HAL_InitTick
 .text.HAL_IncTick
                0x0000000008002cc4       0x24 ./Drivers/STM32F2xx_HAL_Driver/Src/stm32f2xx_hal.o
                0x0000000008002cc4                HAL_IncTick
 .text.HAL_GetTick
                0x0000000008002ce8       0x14 ./Drivers/STM32F2xx_HAL_Driver/Src/stm32f2xx_hal.o
                0x0000000008002ce8                HAL_GetTick
 .text.__NVIC_SetPriorityGrouping
                0x0000000008002cfc       0x48 ./Drivers/STM32F2xx_HAL_Driver/Src/stm32f2xx_hal_cortex.o
 .text.__NVIC_GetPriorityGrouping
                0x0000000008002d44       0x1c ./Drivers/STM32F2xx_HAL_Driver/Src/stm32f2xx_hal_cortex.o
 .text.__NVIC_EnableIRQ
                0x0000000008002d60       0x38 ./Drivers/STM32F2xx_HAL_Driver/Src/stm32f2xx_hal_cortex.o
 .text.__NVIC_SetPriority
                0x0000000008002d98       0x54 ./Drivers/STM32F2xx_HAL_Driver/Src/stm32f2xx_hal_cortex.o
 .text.NVIC_EncodePriority
                0x0000000008002dec       0x64 ./Drivers/STM32F2xx_HAL_Driver/Src/stm32f2xx_hal_cortex.o
 .text.SysTick_Config
                0x0000000008002e50       0x44 ./Drivers/STM32F2xx_HAL_Driver/Src/stm32f2xx_hal_cortex.o
 .text.HAL_NVIC_SetPriorityGrouping
                0x0000000008002e94       0x16 ./Drivers/STM32F2xx_HAL_Driver/Src/stm32f2xx_hal_cortex.o
                0x0000000008002e94                HAL_NVIC_SetPriorityGrouping
 .text.HAL_NVIC_SetPriority
                0x0000000008002eaa       0x38 ./Drivers/STM32F2xx_HAL_Driver/Src/stm32f2xx_hal_cortex.o
                0x0000000008002eaa                HAL_NVIC_SetPriority
 .text.HAL_NVIC_EnableIRQ
                0x0000000008002ee2       0x1c ./Drivers/STM32F2xx_HAL_Driver/Src/stm32f2xx_hal_cortex.o
                0x0000000008002ee2                HAL_NVIC_EnableIRQ
 .text.HAL_SYSTICK_Config
                0x0000000008002efe       0x18 ./Drivers/STM32F2xx_HAL_Driver/Src/stm32f2xx_hal_cortex.o
                0x0000000008002efe                HAL_SYSTICK_Config
 .text.HAL_DMA_Abort
                0x0000000008002f16       0xe0 ./Drivers/STM32F2xx_HAL_Driver/Src/stm32f2xx_hal_dma.o
                0x0000000008002f16                HAL_DMA_Abort
 .text.HAL_DMA_Abort_IT
                0x0000000008002ff6       0x42 ./Drivers/STM32F2xx_HAL_Driver/Src/stm32f2xx_hal_dma.o
                0x0000000008002ff6                HAL_DMA_Abort_IT
 .text.HAL_FLASH_Program
                0x0000000008003038       0xa8 ./Drivers/STM32F2xx_HAL_Driver/Src/stm32f2xx_hal_flash.o
                0x0000000008003038                HAL_FLASH_Program
 .text.HAL_FLASH_Unlock
                0x00000000080030e0       0x44 ./Drivers/STM32F2xx_HAL_Driver/Src/stm32f2xx_hal_flash.o
                0x00000000080030e0                HAL_FLASH_Unlock
 .text.HAL_FLASH_Lock
                0x0000000008003124       0x20 ./Drivers/STM32F2xx_HAL_Driver/Src/stm32f2xx_hal_flash.o
                0x0000000008003124                HAL_FLASH_Lock
 .text.HAL_FLASH_GetError
                0x0000000008003144       0x14 ./Drivers/STM32F2xx_HAL_Driver/Src/stm32f2xx_hal_flash.o
                0x0000000008003144                HAL_FLASH_GetError
 .text.FLASH_WaitForLastOperation
                0x0000000008003158       0x80 ./Drivers/STM32F2xx_HAL_Driver/Src/stm32f2xx_hal_flash.o
                0x0000000008003158                FLASH_WaitForLastOperation
 .text.FLASH_Program_DoubleWord
                0x00000000080031d8       0x64 ./Drivers/STM32F2xx_HAL_Driver/Src/stm32f2xx_hal_flash.o
 .text.FLASH_Program_Word
                0x000000000800323c       0x44 ./Drivers/STM32F2xx_HAL_Driver/Src/stm32f2xx_hal_flash.o
 .text.FLASH_Program_HalfWord
                0x0000000008003280       0x44 ./Drivers/STM32F2xx_HAL_Driver/Src/stm32f2xx_hal_flash.o
 .text.FLASH_Program_Byte
                0x00000000080032c4       0x40 ./Drivers/STM32F2xx_HAL_Driver/Src/stm32f2xx_hal_flash.o
 .text.FLASH_SetErrorCode
                0x0000000008003304       0xac ./Drivers/STM32F2xx_HAL_Driver/Src/stm32f2xx_hal_flash.o
 .text.HAL_FLASHEx_Erase
                0x00000000080033b0       0xe0 ./Drivers/STM32F2xx_HAL_Driver/Src/stm32f2xx_hal_flash_ex.o
                0x00000000080033b0                HAL_FLASHEx_Erase
 .text.FLASH_Erase_Sector
                0x0000000008003490       0xa4 ./Drivers/STM32F2xx_HAL_Driver/Src/stm32f2xx_hal_flash_ex.o
                0x0000000008003490                FLASH_Erase_Sector
 .text.FLASH_FlushCaches
                0x0000000008003534       0x88 ./Drivers/STM32F2xx_HAL_Driver/Src/stm32f2xx_hal_flash_ex.o
                0x0000000008003534                FLASH_FlushCaches
 .text.FLASH_MassErase
                0x00000000080035bc       0x44 ./Drivers/STM32F2xx_HAL_Driver/Src/stm32f2xx_hal_flash_ex.o
 .text.HAL_GPIO_Init
                0x0000000008003600      0x33c ./Drivers/STM32F2xx_HAL_Driver/Src/stm32f2xx_hal_gpio.o
                0x0000000008003600                HAL_GPIO_Init
 .text.HAL_GPIO_WritePin
                0x000000000800393c       0x30 ./Drivers/STM32F2xx_HAL_Driver/Src/stm32f2xx_hal_gpio.o
                0x000000000800393c                HAL_GPIO_WritePin
 .text.HAL_RCC_OscConfig
                0x000000000800396c      0x4a8 ./Drivers/STM32F2xx_HAL_Driver/Src/stm32f2xx_hal_rcc.o
                0x000000000800396c                HAL_RCC_OscConfig
 .text.HAL_RCC_ClockConfig
                0x0000000008003e14      0x1d8 ./Drivers/STM32F2xx_HAL_Driver/Src/stm32f2xx_hal_rcc.o
                0x0000000008003e14                HAL_RCC_ClockConfig
 .text.HAL_RCC_GetSysClockFreq
                0x0000000008003fec      0x18c ./Drivers/STM32F2xx_HAL_Driver/Src/stm32f2xx_hal_rcc.o
                0x0000000008003fec                HAL_RCC_GetSysClockFreq
 .text.HAL_RCC_GetHCLKFreq
                0x0000000008004178       0x14 ./Drivers/STM32F2xx_HAL_Driver/Src/stm32f2xx_hal_rcc.o
                0x0000000008004178                HAL_RCC_GetHCLKFreq
 .text.HAL_RCC_GetPCLK1Freq
                0x000000000800418c       0x44 ./Drivers/STM32F2xx_HAL_Driver/Src/stm32f2xx_hal_rcc.o
                0x000000000800418c                HAL_RCC_GetPCLK1Freq
 .text.HAL_RCC_GetPCLK2Freq
                0x00000000080041d0       0x44 ./Drivers/STM32F2xx_HAL_Driver/Src/stm32f2xx_hal_rcc.o
                0x00000000080041d0                HAL_RCC_GetPCLK2Freq
 .text.HAL_UART_Init
                0x0000000008004214       0xa0 ./Drivers/STM32F2xx_HAL_Driver/Src/stm32f2xx_hal_uart.o
                0x0000000008004214                HAL_UART_Init
 .text.HAL_UART_Transmit
                0x00000000080042b4      0x106 ./Drivers/STM32F2xx_HAL_Driver/Src/stm32f2xx_hal_uart.o
                0x00000000080042b4                HAL_UART_Transmit
 .text.HAL_UART_Transmit_IT
                0x00000000080043ba       0x6a ./Drivers/STM32F2xx_HAL_Driver/Src/stm32f2xx_hal_uart.o
                0x00000000080043ba                HAL_UART_Transmit_IT
 .text.HAL_UART_Receive_IT
                0x0000000008004424       0x4a ./Drivers/STM32F2xx_HAL_Driver/Src/stm32f2xx_hal_uart.o
                0x0000000008004424                HAL_UART_Receive_IT
 .text.HAL_UARTEx_ReceiveToIdle_IT
                0x000000000800446e       0xba ./Drivers/STM32F2xx_HAL_Driver/Src/stm32f2xx_hal_uart.o
                0x000000000800446e                HAL_UARTEx_ReceiveToIdle_IT
 .text.HAL_UART_IRQHandler
                0x0000000008004528      0x524 ./Drivers/STM32F2xx_HAL_Driver/Src/stm32f2xx_hal_uart.o
                0x0000000008004528                HAL_UART_IRQHandler
 .text.HAL_UART_ErrorCallback
                0x0000000008004a4c       0x12 ./Drivers/STM32F2xx_HAL_Driver/Src/stm32f2xx_hal_uart.o
                0x0000000008004a4c                HAL_UART_ErrorCallback
 .text.UART_WaitOnFlagUntilTimeout
                0x0000000008004a5e       0xdc ./Drivers/STM32F2xx_HAL_Driver/Src/stm32f2xx_hal_uart.o
 .text.UART_Start_Receive_IT
                0x0000000008004b3a       0x72 ./Drivers/STM32F2xx_HAL_Driver/Src/stm32f2xx_hal_uart.o
                0x0000000008004b3a                UART_Start_Receive_IT
 .text.UART_EndRxTransfer
                0x0000000008004bac       0xc4 ./Drivers/STM32F2xx_HAL_Driver/Src/stm32f2xx_hal_uart.o
 .text.UART_DMAAbortOnError
                0x0000000008004c70       0x28 ./Drivers/STM32F2xx_HAL_Driver/Src/stm32f2xx_hal_uart.o
 .text.UART_Transmit_IT
                0x0000000008004c98       0x9e ./Drivers/STM32F2xx_HAL_Driver/Src/stm32f2xx_hal_uart.o
 .text.UART_EndTransmit_IT
                0x0000000008004d36       0x30 ./Drivers/STM32F2xx_HAL_Driver/Src/stm32f2xx_hal_uart.o
 .text.UART_Receive_IT
                0x0000000008004d66      0x17c ./Drivers/STM32F2xx_HAL_Driver/Src/stm32f2xx_hal_uart.o
 *fill*         0x0000000008004ee2        0x2 
 .text.UART_SetConfig
                0x0000000008004ee4      0x1d4 ./Drivers/STM32F2xx_HAL_Driver/Src/stm32f2xx_hal_uart.o
 .text.__errno  0x00000000080050b8        0xc d:/program file/stm32_cubeide/stm32cubeide_1.9.0/stm32cubeide/plugins/com.st.stm32cube.ide.mcu.externaltools.gnu-tools-for-stm32.10.3-2021.10.win32_1.0.0.202111181127/tools/bin/../lib/gcc/arm-none-eabi/10.3.1/../../../../arm-none-eabi/lib/thumb/v7-m/nofp\libc_nano.a(lib_a-errno.o)
                0x00000000080050b8                __errno
 .text.__libc_init_array
                0x00000000080050c4       0x48 d:/program file/stm32_cubeide/stm32cubeide_1.9.0/stm32cubeide/plugins/com.st.stm32cube.ide.mcu.externaltools.gnu-tools-for-stm32.10.3-2021.10.win32_1.0.0.202111181127/tools/bin/../lib/gcc/arm-none-eabi/10.3.1/../../../../arm-none-eabi/lib/thumb/v7-m/nofp\libc_nano.a(lib_a-init.o)
                0x00000000080050c4                __libc_init_array
 .text.memcmp   0x000000000800510c       0x20 d:/program file/stm32_cubeide/stm32cubeide_1.9.0/stm32cubeide/plugins/com.st.stm32cube.ide.mcu.externaltools.gnu-tools-for-stm32.10.3-2021.10.win32_1.0.0.202111181127/tools/bin/../lib/gcc/arm-none-eabi/10.3.1/../../../../arm-none-eabi/lib/thumb/v7-m/nofp\libc_nano.a(lib_a-memcmp.o)
                0x000000000800510c                memcmp
 .text.memcpy   0x000000000800512c       0x1c d:/program file/stm32_cubeide/stm32cubeide_1.9.0/stm32cubeide/plugins/com.st.stm32cube.ide.mcu.externaltools.gnu-tools-for-stm32.10.3-2021.10.win32_1.0.0.202111181127/tools/bin/../lib/gcc/arm-none-eabi/10.3.1/../../../../arm-none-eabi/lib/thumb/v7-m/nofp\libc_nano.a(lib_a-memcpy-stub.o)
                0x000000000800512c                memcpy
 .text.memset   0x0000000008005148       0x10 d:/program file/stm32_cubeide/stm32cubeide_1.9.0/stm32cubeide/plugins/com.st.stm32cube.ide.mcu.externaltools.gnu-tools-for-stm32.10.3-2021.10.win32_1.0.0.202111181127/tools/bin/../lib/gcc/arm-none-eabi/10.3.1/../../../../arm-none-eabi/lib/thumb/v7-m/nofp\libc_nano.a(lib_a-memset.o)
                0x0000000008005148                memset
 .text.printf   0x0000000008005158       0x30 d:/program file/stm32_cubeide/stm32cubeide_1.9.0/stm32cubeide/plugins/com.st.stm32cube.ide.mcu.externaltools.gnu-tools-for-stm32.10.3-2021.10.win32_1.0.0.202111181127/tools/bin/../lib/gcc/arm-none-eabi/10.3.1/../../../../arm-none-eabi/lib/thumb/v7-m/nofp\libc_nano.a(lib_a-printf.o)
                0x0000000008005158                iprintf
                0x0000000008005158                printf
 .text.putchar  0x0000000008005188       0x28 d:/program file/stm32_cubeide/stm32cubeide_1.9.0/stm32cubeide/plugins/com.st.stm32cube.ide.mcu.externaltools.gnu-tools-for-stm32.10.3-2021.10.win32_1.0.0.202111181127/tools/bin/../lib/gcc/arm-none-eabi/10.3.1/../../../../arm-none-eabi/lib/thumb/v7-m/nofp\libc_nano.a(lib_a-putchar.o)
                0x0000000008005188                putchar
 .text._puts_r  0x00000000080051b0       0xdc d:/program file/stm32_cubeide/stm32cubeide_1.9.0/stm32cubeide/plugins/com.st.stm32cube.ide.mcu.externaltools.gnu-tools-for-stm32.10.3-2021.10.win32_1.0.0.202111181127/tools/bin/../lib/gcc/arm-none-eabi/10.3.1/../../../../arm-none-eabi/lib/thumb/v7-m/nofp\libc_nano.a(lib_a-puts.o)
                0x00000000080051b0                _puts_r
 .text.puts     0x000000000800528c       0x10 d:/program file/stm32_cubeide/stm32cubeide_1.9.0/stm32cubeide/plugins/com.st.stm32cube.ide.mcu.externaltools.gnu-tools-for-stm32.10.3-2021.10.win32_1.0.0.202111181127/tools/bin/../lib/gcc/arm-none-eabi/10.3.1/../../../../arm-none-eabi/lib/thumb/v7-m/nofp\libc_nano.a(lib_a-puts.o)
                0x000000000800528c                puts
 .text.sprintf  0x000000000800529c       0x40 d:/program file/stm32_cubeide/stm32cubeide_1.9.0/stm32cubeide/plugins/com.st.stm32cube.ide.mcu.externaltools.gnu-tools-for-stm32.10.3-2021.10.win32_1.0.0.202111181127/tools/bin/../lib/gcc/arm-none-eabi/10.3.1/../../../../arm-none-eabi/lib/thumb/v7-m/nofp\libc_nano.a(lib_a-sprintf.o)
                0x000000000800529c                siprintf
                0x000000000800529c                sprintf
 .text.__swbuf_r
                0x00000000080052dc       0xa4 d:/program file/stm32_cubeide/stm32cubeide_1.9.0/stm32cubeide/plugins/com.st.stm32cube.ide.mcu.externaltools.gnu-tools-for-stm32.10.3-2021.10.win32_1.0.0.202111181127/tools/bin/../lib/gcc/arm-none-eabi/10.3.1/../../../../arm-none-eabi/lib/thumb/v7-m/nofp\libc_nano.a(lib_a-wbuf.o)
                0x00000000080052dc                __swbuf_r
 .text.__swsetup_r
                0x0000000008005380       0xdc d:/program file/stm32_cubeide/stm32cubeide_1.9.0/stm32cubeide/plugins/com.st.stm32cube.ide.mcu.externaltools.gnu-tools-for-stm32.10.3-2021.10.win32_1.0.0.202111181127/tools/bin/../lib/gcc/arm-none-eabi/10.3.1/../../../../arm-none-eabi/lib/thumb/v7-m/nofp\libc_nano.a(lib_a-wsetup.o)
                0x0000000008005380                __swsetup_r
 .text.__sflush_r
                0x000000000800545c      0x104 d:/program file/stm32_cubeide/stm32cubeide_1.9.0/stm32cubeide/plugins/com.st.stm32cube.ide.mcu.externaltools.gnu-tools-for-stm32.10.3-2021.10.win32_1.0.0.202111181127/tools/bin/../lib/gcc/arm-none-eabi/10.3.1/../../../../arm-none-eabi/lib/thumb/v7-m/nofp\libc_nano.a(lib_a-fflush.o)
                0x000000000800545c                __sflush_r
 .text._fflush_r
                0x0000000008005560       0x78 d:/program file/stm32_cubeide/stm32cubeide_1.9.0/stm32cubeide/plugins/com.st.stm32cube.ide.mcu.externaltools.gnu-tools-for-stm32.10.3-2021.10.win32_1.0.0.202111181127/tools/bin/../lib/gcc/arm-none-eabi/10.3.1/../../../../arm-none-eabi/lib/thumb/v7-m/nofp\libc_nano.a(lib_a-fflush.o)
                0x0000000008005560                _fflush_r
 .text.std      0x00000000080055d8       0x48 d:/program file/stm32_cubeide/stm32cubeide_1.9.0/stm32cubeide/plugins/com.st.stm32cube.ide.mcu.externaltools.gnu-tools-for-stm32.10.3-2021.10.win32_1.0.0.202111181127/tools/bin/../lib/gcc/arm-none-eabi/10.3.1/../../../../arm-none-eabi/lib/thumb/v7-m/nofp\libc_nano.a(lib_a-findfp.o)
 .text._cleanup_r
                0x0000000008005620        0xc d:/program file/stm32_cubeide/stm32cubeide_1.9.0/stm32cubeide/plugins/com.st.stm32cube.ide.mcu.externaltools.gnu-tools-for-stm32.10.3-2021.10.win32_1.0.0.202111181127/tools/bin/../lib/gcc/arm-none-eabi/10.3.1/../../../../arm-none-eabi/lib/thumb/v7-m/nofp\libc_nano.a(lib_a-findfp.o)
                0x0000000008005620                _cleanup_r
 .text.__sfmoreglue
                0x000000000800562c       0x2c d:/program file/stm32_cubeide/stm32cubeide_1.9.0/stm32cubeide/plugins/com.st.stm32cube.ide.mcu.externaltools.gnu-tools-for-stm32.10.3-2021.10.win32_1.0.0.202111181127/tools/bin/../lib/gcc/arm-none-eabi/10.3.1/../../../../arm-none-eabi/lib/thumb/v7-m/nofp\libc_nano.a(lib_a-findfp.o)
                0x000000000800562c                __sfmoreglue
 .text.__sfp_lock_acquire
                0x0000000008005658        0xc d:/program file/stm32_cubeide/stm32cubeide_1.9.0/stm32cubeide/plugins/com.st.stm32cube.ide.mcu.externaltools.gnu-tools-for-stm32.10.3-2021.10.win32_1.0.0.202111181127/tools/bin/../lib/gcc/arm-none-eabi/10.3.1/../../../../arm-none-eabi/lib/thumb/v7-m/nofp\libc_nano.a(lib_a-findfp.o)
                0x0000000008005658                __sfp_lock_acquire
 .text.__sfp_lock_release
                0x0000000008005664        0xc d:/program file/stm32_cubeide/stm32cubeide_1.9.0/stm32cubeide/plugins/com.st.stm32cube.ide.mcu.externaltools.gnu-tools-for-stm32.10.3-2021.10.win32_1.0.0.202111181127/tools/bin/../lib/gcc/arm-none-eabi/10.3.1/../../../../arm-none-eabi/lib/thumb/v7-m/nofp\libc_nano.a(lib_a-findfp.o)
                0x0000000008005664                __sfp_lock_release
 .text.__sinit_lock_acquire
                0x0000000008005670        0xc d:/program file/stm32_cubeide/stm32cubeide_1.9.0/stm32cubeide/plugins/com.st.stm32cube.ide.mcu.externaltools.gnu-tools-for-stm32.10.3-2021.10.win32_1.0.0.202111181127/tools/bin/../lib/gcc/arm-none-eabi/10.3.1/../../../../arm-none-eabi/lib/thumb/v7-m/nofp\libc_nano.a(lib_a-findfp.o)
                0x0000000008005670                __sinit_lock_acquire
 .text.__sinit_lock_release
                0x000000000800567c        0xc d:/program file/stm32_cubeide/stm32cubeide_1.9.0/stm32cubeide/plugins/com.st.stm32cube.ide.mcu.externaltools.gnu-tools-for-stm32.10.3-2021.10.win32_1.0.0.202111181127/tools/bin/../lib/gcc/arm-none-eabi/10.3.1/../../../../arm-none-eabi/lib/thumb/v7-m/nofp\libc_nano.a(lib_a-findfp.o)
                0x000000000800567c                __sinit_lock_release
 .text.__sinit  0x0000000008005688       0x70 d:/program file/stm32_cubeide/stm32cubeide_1.9.0/stm32cubeide/plugins/com.st.stm32cube.ide.mcu.externaltools.gnu-tools-for-stm32.10.3-2021.10.win32_1.0.0.202111181127/tools/bin/../lib/gcc/arm-none-eabi/10.3.1/../../../../arm-none-eabi/lib/thumb/v7-m/nofp\libc_nano.a(lib_a-findfp.o)
                0x0000000008005688                __sinit
 .text.__sfp    0x00000000080056f8       0x8c d:/program file/stm32_cubeide/stm32cubeide_1.9.0/stm32cubeide/plugins/com.st.stm32cube.ide.mcu.externaltools.gnu-tools-for-stm32.10.3-2021.10.win32_1.0.0.202111181127/tools/bin/../lib/gcc/arm-none-eabi/10.3.1/../../../../arm-none-eabi/lib/thumb/v7-m/nofp\libc_nano.a(lib_a-findfp.o)
                0x00000000080056f8                __sfp
 .text._fwalk_reent
                0x0000000008005784       0x3e d:/program file/stm32_cubeide/stm32cubeide_1.9.0/stm32cubeide/plugins/com.st.stm32cube.ide.mcu.externaltools.gnu-tools-for-stm32.10.3-2021.10.win32_1.0.0.202111181127/tools/bin/../lib/gcc/arm-none-eabi/10.3.1/../../../../arm-none-eabi/lib/thumb/v7-m/nofp\libc_nano.a(lib_a-fwalk.o)
                0x0000000008005784                _fwalk_reent
 .text.__retarget_lock_init_recursive
                0x00000000080057c2        0x2 d:/program file/stm32_cubeide/stm32cubeide_1.9.0/stm32cubeide/plugins/com.st.stm32cube.ide.mcu.externaltools.gnu-tools-for-stm32.10.3-2021.10.win32_1.0.0.202111181127/tools/bin/../lib/gcc/arm-none-eabi/10.3.1/../../../../arm-none-eabi/lib/thumb/v7-m/nofp\libc_nano.a(lib_a-lock.o)
                0x00000000080057c2                __retarget_lock_init_recursive
 .text.__retarget_lock_acquire_recursive
                0x00000000080057c4        0x2 d:/program file/stm32_cubeide/stm32cubeide_1.9.0/stm32cubeide/plugins/com.st.stm32cube.ide.mcu.externaltools.gnu-tools-for-stm32.10.3-2021.10.win32_1.0.0.202111181127/tools/bin/../lib/gcc/arm-none-eabi/10.3.1/../../../../arm-none-eabi/lib/thumb/v7-m/nofp\libc_nano.a(lib_a-lock.o)
                0x00000000080057c4                __retarget_lock_acquire_recursive
 .text.__retarget_lock_release_recursive
                0x00000000080057c6        0x2 d:/program file/stm32_cubeide/stm32cubeide_1.9.0/stm32cubeide/plugins/com.st.stm32cube.ide.mcu.externaltools.gnu-tools-for-stm32.10.3-2021.10.win32_1.0.0.202111181127/tools/bin/../lib/gcc/arm-none-eabi/10.3.1/../../../../arm-none-eabi/lib/thumb/v7-m/nofp\libc_nano.a(lib_a-lock.o)
                0x00000000080057c6                __retarget_lock_release_recursive
 .text.__swhatbuf_r
                0x00000000080057c8       0x4a d:/program file/stm32_cubeide/stm32cubeide_1.9.0/stm32cubeide/plugins/com.st.stm32cube.ide.mcu.externaltools.gnu-tools-for-stm32.10.3-2021.10.win32_1.0.0.202111181127/tools/bin/../lib/gcc/arm-none-eabi/10.3.1/../../../../arm-none-eabi/lib/thumb/v7-m/nofp\libc_nano.a(lib_a-makebuf.o)
                0x00000000080057c8                __swhatbuf_r
 *fill*         0x0000000008005812        0x2 
 .text.__smakebuf_r
                0x0000000008005814       0x80 d:/program file/stm32_cubeide/stm32cubeide_1.9.0/stm32cubeide/plugins/com.st.stm32cube.ide.mcu.externaltools.gnu-tools-for-stm32.10.3-2021.10.win32_1.0.0.202111181127/tools/bin/../lib/gcc/arm-none-eabi/10.3.1/../../../../arm-none-eabi/lib/thumb/v7-m/nofp\libc_nano.a(lib_a-makebuf.o)
                0x0000000008005814                __smakebuf_r
 .text._free_r  0x0000000008005894       0x90 d:/program file/stm32_cubeide/stm32cubeide_1.9.0/stm32cubeide/plugins/com.st.stm32cube.ide.mcu.externaltools.gnu-tools-for-stm32.10.3-2021.10.win32_1.0.0.202111181127/tools/bin/../lib/gcc/arm-none-eabi/10.3.1/../../../../arm-none-eabi/lib/thumb/v7-m/nofp\libc_nano.a(lib_a-nano-freer.o)
                0x0000000008005894                _free_r
 .text.sbrk_aligned
                0x0000000008005924       0x40 d:/program file/stm32_cubeide/stm32cubeide_1.9.0/stm32cubeide/plugins/com.st.stm32cube.ide.mcu.externaltools.gnu-tools-for-stm32.10.3-2021.10.win32_1.0.0.202111181127/tools/bin/../lib/gcc/arm-none-eabi/10.3.1/../../../../arm-none-eabi/lib/thumb/v7-m/nofp\libc_nano.a(lib_a-nano-mallocr.o)
 .text._malloc_r
                0x0000000008005964       0xe8 d:/program file/stm32_cubeide/stm32cubeide_1.9.0/stm32cubeide/plugins/com.st.stm32cube.ide.mcu.externaltools.gnu-tools-for-stm32.10.3-2021.10.win32_1.0.0.202111181127/tools/bin/../lib/gcc/arm-none-eabi/10.3.1/../../../../arm-none-eabi/lib/thumb/v7-m/nofp\libc_nano.a(lib_a-nano-mallocr.o)
                0x0000000008005964                _malloc_r
 .text.__ssputs_r
                0x0000000008005a4c       0xb6 d:/program file/stm32_cubeide/stm32cubeide_1.9.0/stm32cubeide/plugins/com.st.stm32cube.ide.mcu.externaltools.gnu-tools-for-stm32.10.3-2021.10.win32_1.0.0.202111181127/tools/bin/../lib/gcc/arm-none-eabi/10.3.1/../../../../arm-none-eabi/lib/thumb/v7-m/nofp\libc_nano.a(lib_a-nano-svfprintf.o)
                0x0000000008005a4c                __ssputs_r
 *fill*         0x0000000008005b02        0x2 
 .text._svfprintf_r
                0x0000000008005b04      0x200 d:/program file/stm32_cubeide/stm32cubeide_1.9.0/stm32cubeide/plugins/com.st.stm32cube.ide.mcu.externaltools.gnu-tools-for-stm32.10.3-2021.10.win32_1.0.0.202111181127/tools/bin/../lib/gcc/arm-none-eabi/10.3.1/../../../../arm-none-eabi/lib/thumb/v7-m/nofp\libc_nano.a(lib_a-nano-svfprintf.o)
                0x0000000008005b04                _svfiprintf_r
                0x0000000008005b04                _svfprintf_r
 .text.__sfputc_r
                0x0000000008005d04       0x2a d:/program file/stm32_cubeide/stm32cubeide_1.9.0/stm32cubeide/plugins/com.st.stm32cube.ide.mcu.externaltools.gnu-tools-for-stm32.10.3-2021.10.win32_1.0.0.202111181127/tools/bin/../lib/gcc/arm-none-eabi/10.3.1/../../../../arm-none-eabi/lib/thumb/v7-m/nofp\libc_nano.a(lib_a-nano-vfprintf.o)
 .text.__sfputs_r
                0x0000000008005d2e       0x24 d:/program file/stm32_cubeide/stm32cubeide_1.9.0/stm32cubeide/plugins/com.st.stm32cube.ide.mcu.externaltools.gnu-tools-for-stm32.10.3-2021.10.win32_1.0.0.202111181127/tools/bin/../lib/gcc/arm-none-eabi/10.3.1/../../../../arm-none-eabi/lib/thumb/v7-m/nofp\libc_nano.a(lib_a-nano-vfprintf.o)
                0x0000000008005d2e                __sfputs_r
 *fill*         0x0000000008005d52        0x2 
 .text._vfprintf_r
                0x0000000008005d54      0x260 d:/program file/stm32_cubeide/stm32cubeide_1.9.0/stm32cubeide/plugins/com.st.stm32cube.ide.mcu.externaltools.gnu-tools-for-stm32.10.3-2021.10.win32_1.0.0.202111181127/tools/bin/../lib/gcc/arm-none-eabi/10.3.1/../../../../arm-none-eabi/lib/thumb/v7-m/nofp\libc_nano.a(lib_a-nano-vfprintf.o)
                0x0000000008005d54                _vfprintf_r
                0x0000000008005d54                _vfiprintf_r
 .text._printf_common
                0x0000000008005fb4       0xde d:/program file/stm32_cubeide/stm32cubeide_1.9.0/stm32cubeide/plugins/com.st.stm32cube.ide.mcu.externaltools.gnu-tools-for-stm32.10.3-2021.10.win32_1.0.0.202111181127/tools/bin/../lib/gcc/arm-none-eabi/10.3.1/../../../../arm-none-eabi/lib/thumb/v7-m/nofp\libc_nano.a(lib_a-nano-vfprintf_i.o)
                0x0000000008005fb4                _printf_common
 *fill*         0x0000000008006092        0x2 
 .text._printf_i
                0x0000000008006094      0x24c d:/program file/stm32_cubeide/stm32cubeide_1.9.0/stm32cubeide/plugins/com.st.stm32cube.ide.mcu.externaltools.gnu-tools-for-stm32.10.3-2021.10.win32_1.0.0.202111181127/tools/bin/../lib/gcc/arm-none-eabi/10.3.1/../../../../arm-none-eabi/lib/thumb/v7-m/nofp\libc_nano.a(lib_a-nano-vfprintf_i.o)
                0x0000000008006094                _printf_i
 .text._putc_r  0x00000000080062e0       0x90 d:/program file/stm32_cubeide/stm32cubeide_1.9.0/stm32cubeide/plugins/com.st.stm32cube.ide.mcu.externaltools.gnu-tools-for-stm32.10.3-2021.10.win32_1.0.0.202111181127/tools/bin/../lib/gcc/arm-none-eabi/10.3.1/../../../../arm-none-eabi/lib/thumb/v7-m/nofp\libc_nano.a(lib_a-putc.o)
                0x00000000080062e0                _putc_r
 .text._sbrk_r  0x0000000008006370       0x20 d:/program file/stm32_cubeide/stm32cubeide_1.9.0/stm32cubeide/plugins/com.st.stm32cube.ide.mcu.externaltools.gnu-tools-for-stm32.10.3-2021.10.win32_1.0.0.202111181127/tools/bin/../lib/gcc/arm-none-eabi/10.3.1/../../../../arm-none-eabi/lib/thumb/v7-m/nofp\libc_nano.a(lib_a-sbrkr.o)
                0x0000000008006370                _sbrk_r
 .text.__sread  0x0000000008006390       0x22 d:/program file/stm32_cubeide/stm32cubeide_1.9.0/stm32cubeide/plugins/com.st.stm32cube.ide.mcu.externaltools.gnu-tools-for-stm32.10.3-2021.10.win32_1.0.0.202111181127/tools/bin/../lib/gcc/arm-none-eabi/10.3.1/../../../../arm-none-eabi/lib/thumb/v7-m/nofp\libc_nano.a(lib_a-stdio.o)
                0x0000000008006390                __sread
 .text.__swrite
                0x00000000080063b2       0x38 d:/program file/stm32_cubeide/stm32cubeide_1.9.0/stm32cubeide/plugins/com.st.stm32cube.ide.mcu.externaltools.gnu-tools-for-stm32.10.3-2021.10.win32_1.0.0.202111181127/tools/bin/../lib/gcc/arm-none-eabi/10.3.1/../../../../arm-none-eabi/lib/thumb/v7-m/nofp\libc_nano.a(lib_a-stdio.o)
                0x00000000080063b2                __swrite
 .text.__sseek  0x00000000080063ea       0x24 d:/program file/stm32_cubeide/stm32cubeide_1.9.0/stm32cubeide/plugins/com.st.stm32cube.ide.mcu.externaltools.gnu-tools-for-stm32.10.3-2021.10.win32_1.0.0.202111181127/tools/bin/../lib/gcc/arm-none-eabi/10.3.1/../../../../arm-none-eabi/lib/thumb/v7-m/nofp\libc_nano.a(lib_a-stdio.o)
                0x00000000080063ea                __sseek
 .text.__sclose
                0x000000000800640e        0x8 d:/program file/stm32_cubeide/stm32cubeide_1.9.0/stm32cubeide/plugins/com.st.stm32cube.ide.mcu.externaltools.gnu-tools-for-stm32.10.3-2021.10.win32_1.0.0.202111181127/tools/bin/../lib/gcc/arm-none-eabi/10.3.1/../../../../arm-none-eabi/lib/thumb/v7-m/nofp\libc_nano.a(lib_a-stdio.o)
                0x000000000800640e                __sclose
 *fill*         0x0000000008006416        0x2 
 .text._write_r
                0x0000000008006418       0x24 d:/program file/stm32_cubeide/stm32cubeide_1.9.0/stm32cubeide/plugins/com.st.stm32cube.ide.mcu.externaltools.gnu-tools-for-stm32.10.3-2021.10.win32_1.0.0.202111181127/tools/bin/../lib/gcc/arm-none-eabi/10.3.1/../../../../arm-none-eabi/lib/thumb/v7-m/nofp\libc_nano.a(lib_a-writer.o)
                0x0000000008006418                _write_r
 .text._close_r
                0x000000000800643c       0x20 d:/program file/stm32_cubeide/stm32cubeide_1.9.0/stm32cubeide/plugins/com.st.stm32cube.ide.mcu.externaltools.gnu-tools-for-stm32.10.3-2021.10.win32_1.0.0.202111181127/tools/bin/../lib/gcc/arm-none-eabi/10.3.1/../../../../arm-none-eabi/lib/thumb/v7-m/nofp\libc_nano.a(lib_a-closer.o)
                0x000000000800643c                _close_r
 .text._fstat_r
                0x000000000800645c       0x24 d:/program file/stm32_cubeide/stm32cubeide_1.9.0/stm32cubeide/plugins/com.st.stm32cube.ide.mcu.externaltools.gnu-tools-for-stm32.10.3-2021.10.win32_1.0.0.202111181127/tools/bin/../lib/gcc/arm-none-eabi/10.3.1/../../../../arm-none-eabi/lib/thumb/v7-m/nofp\libc_nano.a(lib_a-fstatr.o)
                0x000000000800645c                _fstat_r
 .text._isatty_r
                0x0000000008006480       0x20 d:/program file/stm32_cubeide/stm32cubeide_1.9.0/stm32cubeide/plugins/com.st.stm32cube.ide.mcu.externaltools.gnu-tools-for-stm32.10.3-2021.10.win32_1.0.0.202111181127/tools/bin/../lib/gcc/arm-none-eabi/10.3.1/../../../../arm-none-eabi/lib/thumb/v7-m/nofp\libc_nano.a(lib_a-isattyr.o)
                0x0000000008006480                _isatty_r
 .text._lseek_r
                0x00000000080064a0       0x24 d:/program file/stm32_cubeide/stm32cubeide_1.9.0/stm32cubeide/plugins/com.st.stm32cube.ide.mcu.externaltools.gnu-tools-for-stm32.10.3-2021.10.win32_1.0.0.202111181127/tools/bin/../lib/gcc/arm-none-eabi/10.3.1/../../../../arm-none-eabi/lib/thumb/v7-m/nofp\libc_nano.a(lib_a-lseekr.o)
                0x00000000080064a0                _lseek_r
 .text.memchr   0x00000000080064c4       0x1c d:/program file/stm32_cubeide/stm32cubeide_1.9.0/stm32cubeide/plugins/com.st.stm32cube.ide.mcu.externaltools.gnu-tools-for-stm32.10.3-2021.10.win32_1.0.0.202111181127/tools/bin/../lib/gcc/arm-none-eabi/10.3.1/../../../../arm-none-eabi/lib/thumb/v7-m/nofp\libc_nano.a(lib_a-memchr-stub.o)
                0x00000000080064c4                memchr
 .text.memmove  0x00000000080064e0       0x34 d:/program file/stm32_cubeide/stm32cubeide_1.9.0/stm32cubeide/plugins/com.st.stm32cube.ide.mcu.externaltools.gnu-tools-for-stm32.10.3-2021.10.win32_1.0.0.202111181127/tools/bin/../lib/gcc/arm-none-eabi/10.3.1/../../../../arm-none-eabi/lib/thumb/v7-m/nofp\libc_nano.a(lib_a-memmove.o)
                0x00000000080064e0                memmove
 .text.__malloc_lock
                0x0000000008006514        0xc d:/program file/stm32_cubeide/stm32cubeide_1.9.0/stm32cubeide/plugins/com.st.stm32cube.ide.mcu.externaltools.gnu-tools-for-stm32.10.3-2021.10.win32_1.0.0.202111181127/tools/bin/../lib/gcc/arm-none-eabi/10.3.1/../../../../arm-none-eabi/lib/thumb/v7-m/nofp\libc_nano.a(lib_a-mlock.o)
                0x0000000008006514                __malloc_lock
 .text.__malloc_unlock
                0x0000000008006520        0xc d:/program file/stm32_cubeide/stm32cubeide_1.9.0/stm32cubeide/plugins/com.st.stm32cube.ide.mcu.externaltools.gnu-tools-for-stm32.10.3-2021.10.win32_1.0.0.202111181127/tools/bin/../lib/gcc/arm-none-eabi/10.3.1/../../../../arm-none-eabi/lib/thumb/v7-m/nofp\libc_nano.a(lib_a-mlock.o)
                0x0000000008006520                __malloc_unlock
 .text._realloc_r
                0x000000000800652c       0x5e d:/program file/stm32_cubeide/stm32cubeide_1.9.0/stm32cubeide/plugins/com.st.stm32cube.ide.mcu.externaltools.gnu-tools-for-stm32.10.3-2021.10.win32_1.0.0.202111181127/tools/bin/../lib/gcc/arm-none-eabi/10.3.1/../../../../arm-none-eabi/lib/thumb/v7-m/nofp\libc_nano.a(lib_a-nano-reallocr.o)
                0x000000000800652c                _realloc_r
 *fill*         0x000000000800658a        0x2 
 .text._read_r  0x000000000800658c       0x24 d:/program file/stm32_cubeide/stm32cubeide_1.9.0/stm32cubeide/plugins/com.st.stm32cube.ide.mcu.externaltools.gnu-tools-for-stm32.10.3-2021.10.win32_1.0.0.202111181127/tools/bin/../lib/gcc/arm-none-eabi/10.3.1/../../../../arm-none-eabi/lib/thumb/v7-m/nofp\libc_nano.a(lib_a-readr.o)
                0x000000000800658c                _read_r
 .text._malloc_usable_size_r
                0x00000000080065b0       0x10 d:/program file/stm32_cubeide/stm32cubeide_1.9.0/stm32cubeide/plugins/com.st.stm32cube.ide.mcu.externaltools.gnu-tools-for-stm32.10.3-2021.10.win32_1.0.0.202111181127/tools/bin/../lib/gcc/arm-none-eabi/10.3.1/../../../../arm-none-eabi/lib/thumb/v7-m/nofp\libc_nano.a(lib_a-nano-msizer.o)
                0x00000000080065b0                _malloc_usable_size_r
 *(.glue_7)
 .glue_7        0x00000000080065c0        0x0 linker stubs
 *(.glue_7t)
 .glue_7t       0x00000000080065c0        0x0 linker stubs
 *(.eh_frame)
 .eh_frame      0x00000000080065c0        0x0 d:/program file/stm32_cubeide/stm32cubeide_1.9.0/stm32cubeide/plugins/com.st.stm32cube.ide.mcu.externaltools.gnu-tools-for-stm32.10.3-2021.10.win32_1.0.0.202111181127/tools/bin/../lib/gcc/arm-none-eabi/10.3.1/thumb/v7-m/nofp/crtbegin.o
 *(.init)
 .init          0x00000000080065c0        0x4 d:/program file/stm32_cubeide/stm32cubeide_1.9.0/stm32cubeide/plugins/com.st.stm32cube.ide.mcu.externaltools.gnu-tools-for-stm32.10.3-2021.10.win32_1.0.0.202111181127/tools/bin/../lib/gcc/arm-none-eabi/10.3.1/thumb/v7-m/nofp/crti.o
                0x00000000080065c0                _init
 .init          0x00000000080065c4        0x8 d:/program file/stm32_cubeide/stm32cubeide_1.9.0/stm32cubeide/plugins/com.st.stm32cube.ide.mcu.externaltools.gnu-tools-for-stm32.10.3-2021.10.win32_1.0.0.202111181127/tools/bin/../lib/gcc/arm-none-eabi/10.3.1/thumb/v7-m/nofp/crtn.o
 *(.fini)
 .fini          0x00000000080065cc        0x4 d:/program file/stm32_cubeide/stm32cubeide_1.9.0/stm32cubeide/plugins/com.st.stm32cube.ide.mcu.externaltools.gnu-tools-for-stm32.10.3-2021.10.win32_1.0.0.202111181127/tools/bin/../lib/gcc/arm-none-eabi/10.3.1/thumb/v7-m/nofp/crti.o
                0x00000000080065cc                _fini
 .fini          0x00000000080065d0        0x8 d:/program file/stm32_cubeide/stm32cubeide_1.9.0/stm32cubeide/plugins/com.st.stm32cube.ide.mcu.externaltools.gnu-tools-for-stm32.10.3-2021.10.win32_1.0.0.202111181127/tools/bin/../lib/gcc/arm-none-eabi/10.3.1/thumb/v7-m/nofp/crtn.o
                0x00000000080065d8                . = ALIGN (0x4)
                0x00000000080065d8                _etext = .

.vfp11_veneer   0x00000000080065d8        0x0
 .vfp11_veneer  0x00000000080065d8        0x0 linker stubs

.v4_bx          0x00000000080065d8        0x0
 .v4_bx         0x00000000080065d8        0x0 linker stubs

.iplt           0x00000000080065d8        0x0
 .iplt          0x00000000080065d8        0x0 d:/program file/stm32_cubeide/stm32cubeide_1.9.0/stm32cubeide/plugins/com.st.stm32cube.ide.mcu.externaltools.gnu-tools-for-stm32.10.3-2021.10.win32_1.0.0.202111181127/tools/bin/../lib/gcc/arm-none-eabi/10.3.1/thumb/v7-m/nofp/crtbegin.o

.rodata         0x00000000080065d8      0x684
                0x00000000080065d8                . = ALIGN (0x4)
 *(.rodata)
 .rodata        0x00000000080065d8      0x5a1 ./Core/Src/main.o
 *(.rodata*)
 *fill*         0x0000000008006b79        0x3 
 .rodata.START_COMMAND_LENGTHS
                0x0000000008006b7c       0x10 ./Core/Src/main.o
                0x0000000008006b7c                START_COMMAND_LENGTHS
 .rodata.END_SIGNATURE_LENGTHS
                0x0000000008006b8c       0x10 ./Core/Src/main.o
                0x0000000008006b8c                END_SIGNATURE_LENGTHS
 .rodata.END_SIGNATURE_INDICES
                0x0000000008006b9c       0x10 ./Core/Src/main.o
                0x0000000008006b9c                END_SIGNATURE_INDICES
 .rodata.AHBPrescTable
                0x0000000008006bac       0x10 ./Core/Src/system_stm32f2xx.o
                0x0000000008006bac                AHBPrescTable
 .rodata.APBPrescTable
                0x0000000008006bbc        0x8 ./Core/Src/system_stm32f2xx.o
                0x0000000008006bbc                APBPrescTable
 .rodata._global_impure_ptr
                0x0000000008006bc4        0x4 d:/program file/stm32_cubeide/stm32cubeide_1.9.0/stm32cubeide/plugins/com.st.stm32cube.ide.mcu.externaltools.gnu-tools-for-stm32.10.3-2021.10.win32_1.0.0.202111181127/tools/bin/../lib/gcc/arm-none-eabi/10.3.1/../../../../arm-none-eabi/lib/thumb/v7-m/nofp\libc_nano.a(lib_a-impure.o)
                0x0000000008006bc4                _global_impure_ptr
 .rodata.__sf_fake_stderr
                0x0000000008006bc8       0x20 d:/program file/stm32_cubeide/stm32cubeide_1.9.0/stm32cubeide/plugins/com.st.stm32cube.ide.mcu.externaltools.gnu-tools-for-stm32.10.3-2021.10.win32_1.0.0.202111181127/tools/bin/../lib/gcc/arm-none-eabi/10.3.1/../../../../arm-none-eabi/lib/thumb/v7-m/nofp\libc_nano.a(lib_a-findfp.o)
                0x0000000008006bc8                __sf_fake_stderr
 .rodata.__sf_fake_stdin
                0x0000000008006be8       0x20 d:/program file/stm32_cubeide/stm32cubeide_1.9.0/stm32cubeide/plugins/com.st.stm32cube.ide.mcu.externaltools.gnu-tools-for-stm32.10.3-2021.10.win32_1.0.0.202111181127/tools/bin/../lib/gcc/arm-none-eabi/10.3.1/../../../../arm-none-eabi/lib/thumb/v7-m/nofp\libc_nano.a(lib_a-findfp.o)
                0x0000000008006be8                __sf_fake_stdin
 .rodata.__sf_fake_stdout
                0x0000000008006c08       0x20 d:/program file/stm32_cubeide/stm32cubeide_1.9.0/stm32cubeide/plugins/com.st.stm32cube.ide.mcu.externaltools.gnu-tools-for-stm32.10.3-2021.10.win32_1.0.0.202111181127/tools/bin/../lib/gcc/arm-none-eabi/10.3.1/../../../../arm-none-eabi/lib/thumb/v7-m/nofp\libc_nano.a(lib_a-findfp.o)
                0x0000000008006c08                __sf_fake_stdout
 .rodata._svfprintf_r.str1.1
                0x0000000008006c28       0x11 d:/program file/stm32_cubeide/stm32cubeide_1.9.0/stm32cubeide/plugins/com.st.stm32cube.ide.mcu.externaltools.gnu-tools-for-stm32.10.3-2021.10.win32_1.0.0.202111181127/tools/bin/../lib/gcc/arm-none-eabi/10.3.1/../../../../arm-none-eabi/lib/thumb/v7-m/nofp\libc_nano.a(lib_a-nano-svfprintf.o)
 .rodata._vfprintf_r.str1.1
                0x0000000008006c39       0x11 d:/program file/stm32_cubeide/stm32cubeide_1.9.0/stm32cubeide/plugins/com.st.stm32cube.ide.mcu.externaltools.gnu-tools-for-stm32.10.3-2021.10.win32_1.0.0.202111181127/tools/bin/../lib/gcc/arm-none-eabi/10.3.1/../../../../arm-none-eabi/lib/thumb/v7-m/nofp\libc_nano.a(lib_a-nano-vfprintf.o)
 .rodata._printf_i.str1.1
                0x0000000008006c39       0x22 d:/program file/stm32_cubeide/stm32cubeide_1.9.0/stm32cubeide/plugins/com.st.stm32cube.ide.mcu.externaltools.gnu-tools-for-stm32.10.3-2021.10.win32_1.0.0.202111181127/tools/bin/../lib/gcc/arm-none-eabi/10.3.1/../../../../arm-none-eabi/lib/thumb/v7-m/nofp\libc_nano.a(lib_a-nano-vfprintf_i.o)
                0x0000000008006c5c                . = ALIGN (0x4)
 *fill*         0x0000000008006c5b        0x1 

.ARM.extab      0x0000000008006c5c        0x0
                0x0000000008006c5c                . = ALIGN (0x4)
 *(.ARM.extab* .gnu.linkonce.armextab.*)
                0x0000000008006c5c                . = ALIGN (0x4)

.ARM            0x0000000008006c5c        0x8
                0x0000000008006c5c                . = ALIGN (0x4)
                0x0000000008006c5c                __exidx_start = .
 *(.ARM.exidx*)
 .ARM.exidx     0x0000000008006c5c        0x8 d:/program file/stm32_cubeide/stm32cubeide_1.9.0/stm32cubeide/plugins/com.st.stm32cube.ide.mcu.externaltools.gnu-tools-for-stm32.10.3-2021.10.win32_1.0.0.202111181127/tools/bin/../lib/gcc/arm-none-eabi/10.3.1/thumb/v7-m/nofp\libgcc.a(_udivmoddi4.o)
                0x0000000008006c64                __exidx_end = .
                0x0000000008006c64                . = ALIGN (0x4)

.rel.dyn        0x0000000008006c64        0x0
 .rel.iplt      0x0000000008006c64        0x0 d:/program file/stm32_cubeide/stm32cubeide_1.9.0/stm32cubeide/plugins/com.st.stm32cube.ide.mcu.externaltools.gnu-tools-for-stm32.10.3-2021.10.win32_1.0.0.202111181127/tools/bin/../lib/gcc/arm-none-eabi/10.3.1/thumb/v7-m/nofp/crtbegin.o

.preinit_array  0x0000000008006c64        0x0
                0x0000000008006c64                . = ALIGN (0x4)
                0x0000000008006c64                PROVIDE (__preinit_array_start = .)
 *(.preinit_array*)
                0x0000000008006c64                PROVIDE (__preinit_array_end = .)
                0x0000000008006c64                . = ALIGN (0x4)

.init_array     0x0000000008006c64        0x4
                0x0000000008006c64                . = ALIGN (0x4)
                0x0000000008006c64                PROVIDE (__init_array_start = .)
 *(SORT_BY_NAME(.init_array.*))
 *(.init_array*)
 .init_array    0x0000000008006c64        0x4 d:/program file/stm32_cubeide/stm32cubeide_1.9.0/stm32cubeide/plugins/com.st.stm32cube.ide.mcu.externaltools.gnu-tools-for-stm32.10.3-2021.10.win32_1.0.0.202111181127/tools/bin/../lib/gcc/arm-none-eabi/10.3.1/thumb/v7-m/nofp/crtbegin.o
                0x0000000008006c68                PROVIDE (__init_array_end = .)
                0x0000000008006c68                . = ALIGN (0x4)

.fini_array     0x0000000008006c68        0x4
                0x0000000008006c68                . = ALIGN (0x4)
                [!provide]                        PROVIDE (__fini_array_start = .)
 *(SORT_BY_NAME(.fini_array.*))
 *(.fini_array*)
 .fini_array    0x0000000008006c68        0x4 d:/program file/stm32_cubeide/stm32cubeide_1.9.0/stm32cubeide/plugins/com.st.stm32cube.ide.mcu.externaltools.gnu-tools-for-stm32.10.3-2021.10.win32_1.0.0.202111181127/tools/bin/../lib/gcc/arm-none-eabi/10.3.1/thumb/v7-m/nofp/crtbegin.o
                [!provide]                        PROVIDE (__fini_array_end = .)
                0x0000000008006c6c                . = ALIGN (0x4)
                0x0000000008006c6c                _sidata = LOADADDR (.data)

.data           0x0000000020000000       0x94 load address 0x0000000008006c6c
                0x0000000020000000                . = ALIGN (0x4)
                0x0000000020000000                _sdata = .
 *(.data)
 *(.data*)
 .data.START_PRINT_COMMANDS
                0x0000000020000000       0x10 ./Core/Src/main.o
                0x0000000020000000                START_PRINT_COMMANDS
 .data.END_PRINT_SIGNATURES
                0x0000000020000010       0x10 ./Core/Src/main.o
                0x0000000020000010                END_PRINT_SIGNATURES
 .data.pcommand
                0x0000000020000020        0x4 ./Core/Src/main.o
                0x0000000020000020                pcommand
 .data.SystemCoreClock
                0x0000000020000024        0x4 ./Core/Src/system_stm32f2xx.o
                0x0000000020000024                SystemCoreClock
 .data.uwTickPrio
                0x0000000020000028        0x4 ./Drivers/STM32F2xx_HAL_Driver/Src/stm32f2xx_hal.o
                0x0000000020000028                uwTickPrio
 .data.uwTickFreq
                0x000000002000002c        0x1 ./Drivers/STM32F2xx_HAL_Driver/Src/stm32f2xx_hal.o
                0x000000002000002c                uwTickFreq
 *fill*         0x000000002000002d        0x3 
 .data._impure_ptr
                0x0000000020000030        0x4 d:/program file/stm32_cubeide/stm32cubeide_1.9.0/stm32cubeide/plugins/com.st.stm32cube.ide.mcu.externaltools.gnu-tools-for-stm32.10.3-2021.10.win32_1.0.0.202111181127/tools/bin/../lib/gcc/arm-none-eabi/10.3.1/../../../../arm-none-eabi/lib/thumb/v7-m/nofp\libc_nano.a(lib_a-impure.o)
                0x0000000020000030                _impure_ptr
 .data.impure_data
                0x0000000020000034       0x60 d:/program file/stm32_cubeide/stm32cubeide_1.9.0/stm32cubeide/plugins/com.st.stm32cube.ide.mcu.externaltools.gnu-tools-for-stm32.10.3-2021.10.win32_1.0.0.202111181127/tools/bin/../lib/gcc/arm-none-eabi/10.3.1/../../../../arm-none-eabi/lib/thumb/v7-m/nofp\libc_nano.a(lib_a-impure.o)
 *(.RamFunc)
 *(.RamFunc*)
                0x0000000020000094                . = ALIGN (0x4)
                0x0000000020000094                _edata = .

.igot.plt       0x0000000020000094        0x0 load address 0x0000000008006d00
 .igot.plt      0x0000000020000094        0x0 d:/program file/stm32_cubeide/stm32cubeide_1.9.0/stm32cubeide/plugins/com.st.stm32cube.ide.mcu.externaltools.gnu-tools-for-stm32.10.3-2021.10.win32_1.0.0.202111181127/tools/bin/../lib/gcc/arm-none-eabi/10.3.1/thumb/v7-m/nofp/crtbegin.o
                0x0000000020000094                . = ALIGN (0x4)

.bss            0x0000000020000094     0x2d6c load address 0x0000000008006d00
                0x0000000020000094                _sbss = .
                0x0000000020000094                __bss_start__ = _sbss
 *(.bss)
 .bss           0x0000000020000094       0x1c d:/program file/stm32_cubeide/stm32cubeide_1.9.0/stm32cubeide/plugins/com.st.stm32cube.ide.mcu.externaltools.gnu-tools-for-stm32.10.3-2021.10.win32_1.0.0.202111181127/tools/bin/../lib/gcc/arm-none-eabi/10.3.1/thumb/v7-m/nofp/crtbegin.o
 *(.bss*)
 .bss.EraseInitStruct.1
                0x00000000200000b0       0x14 ./Core/Src/flash.o
 .bss.EraseInitStruct.0
                0x00000000200000c4       0x14 ./Core/Src/flash.o
 .bss.selected_start_cmd
                0x00000000200000d8        0x4 ./Core/Src/main.o
                0x00000000200000d8                selected_start_cmd
 .bss.selected_start_len
                0x00000000200000dc        0x4 ./Core/Src/main.o
                0x00000000200000dc                selected_start_len
 .bss.selected_end_sig
                0x00000000200000e0        0x4 ./Core/Src/main.o
                0x00000000200000e0                selected_end_sig
 .bss.selected_end_len
                0x00000000200000e4        0x4 ./Core/Src/main.o
                0x00000000200000e4                selected_end_len
 .bss.selected_end_index
                0x00000000200000e8        0x4 ./Core/Src/main.o
                0x00000000200000e8                selected_end_index
 .bss.huart1    0x00000000200000ec       0x48 ./Core/Src/main.o
                0x00000000200000ec                huart1
 .bss.huart2    0x0000000020000134       0x48 ./Core/Src/main.o
                0x0000000020000134                huart2
 .bss.huart3    0x000000002000017c       0x48 ./Core/Src/main.o
                0x000000002000017c                huart3
 .bss.ui32_package_index_total
                0x00000000200001c4        0x4 ./Core/Src/main.o
                0x00000000200001c4                ui32_package_index_total
 .bss.lentosend
                0x00000000200001c8        0x2 ./Core/Src/main.o
                0x00000000200001c8                lentosend
 *fill*         0x00000000200001ca        0x2 
 .bss.u32_addr_data_user
                0x00000000200001cc        0x4 ./Core/Src/main.o
                0x00000000200001cc                u32_addr_data_user
 .bss.ui32_total_data_print
                0x00000000200001d0        0x4 ./Core/Src/main.o
                0x00000000200001d0                ui32_total_data_print
 .bss.ui32_package_index_sending
                0x00000000200001d4        0x4 ./Core/Src/main.o
                0x00000000200001d4                ui32_package_index_sending
 .bss.ui32_data_offset
                0x00000000200001d8        0x4 ./Core/Src/main.o
                0x00000000200001d8                ui32_data_offset
 .bss.ui8_finished_printer
                0x00000000200001dc        0x1 ./Core/Src/main.o
                0x00000000200001dc                ui8_finished_printer
 *fill*         0x00000000200001dd        0x3 
 .bss.ui32_txprinterlength
                0x00000000200001e0        0x4 ./Core/Src/main.o
                0x00000000200001e0                ui32_txprinterlength
 .bss.PRINTER_TX_Buffer
                0x00000000200001e4      0x834 ./Core/Src/main.o
                0x00000000200001e4                PRINTER_TX_Buffer
 .bss.quanlyESP
                0x0000000020000a18     0x102a ./Core/Src/main.o
                0x0000000020000a18                quanlyESP
 .bss.ui8_printer_status
                0x0000000020001a42        0x1 ./Core/Src/main.o
                0x0000000020001a42                ui8_printer_status
 .bss.status_led
                0x0000000020001a43        0x1 ./Core/Src/main.o
                0x0000000020001a43                status_led
 .bss.ui32_counter_led
                0x0000000020001a44        0x4 ./Core/Src/main.o
                0x0000000020001a44                ui32_counter_led
 .bss.timer_process_bill
                0x0000000020001a48        0x4 ./Core/Src/main.o
                0x0000000020001a48                timer_process_bill
 .bss.ui8_status_esp
                0x0000000020001a4c        0x1 ./Core/Src/main.o
                0x0000000020001a4c                ui8_status_esp
 *fill*         0x0000000020001a4d        0x3 
 .bss.ui32_timerxset
                0x0000000020001a50        0x4 ./Core/Src/main.o
                0x0000000020001a50                ui32_timerxset
 .bss.user_manage_request
                0x0000000020001a54      0x314 ./Core/Src/main.o
                0x0000000020001a54                user_manage_request
 .bss.pmydataglobal
                0x0000000020001d68        0x4 ./Core/Src/main.o
                0x0000000020001d68                pmydataglobal
 .bss.xulyUart  0x0000000020001d6c     0x1054 ./Core/Src/main.o
                0x0000000020001d6c                xulyUart
 .bss.ui32_counter_send_status
                0x0000000020002dc0        0x4 ./Core/Src/main.o
                0x0000000020002dc0                ui32_counter_send_status
 .bss.vitriluutin.0
                0x0000000020002dc4        0x4 ./Core/Src/main.o
 .bss.__sbrk_heap_end
                0x0000000020002dc8        0x4 ./Core/Src/sysmem.o
 .bss.uwTick    0x0000000020002dcc        0x4 ./Drivers/STM32F2xx_HAL_Driver/Src/stm32f2xx_hal.o
                0x0000000020002dcc                uwTick
 .bss.pFlash    0x0000000020002dd0       0x20 ./Drivers/STM32F2xx_HAL_Driver/Src/stm32f2xx_hal_flash.o
                0x0000000020002dd0                pFlash
 .bss.__lock___malloc_recursive_mutex
                0x0000000020002df0        0x1 d:/program file/stm32_cubeide/stm32cubeide_1.9.0/stm32cubeide/plugins/com.st.stm32cube.ide.mcu.externaltools.gnu-tools-for-stm32.10.3-2021.10.win32_1.0.0.202111181127/tools/bin/../lib/gcc/arm-none-eabi/10.3.1/../../../../arm-none-eabi/lib/thumb/v7-m/nofp\libc_nano.a(lib_a-lock.o)
                0x0000000020002df0                __lock___malloc_recursive_mutex
 .bss.__lock___sfp_recursive_mutex
                0x0000000020002df1        0x1 d:/program file/stm32_cubeide/stm32cubeide_1.9.0/stm32cubeide/plugins/com.st.stm32cube.ide.mcu.externaltools.gnu-tools-for-stm32.10.3-2021.10.win32_1.0.0.202111181127/tools/bin/../lib/gcc/arm-none-eabi/10.3.1/../../../../arm-none-eabi/lib/thumb/v7-m/nofp\libc_nano.a(lib_a-lock.o)
                0x0000000020002df1                __lock___sfp_recursive_mutex
 .bss.__lock___sinit_recursive_mutex
                0x0000000020002df2        0x1 d:/program file/stm32_cubeide/stm32cubeide_1.9.0/stm32cubeide/plugins/com.st.stm32cube.ide.mcu.externaltools.gnu-tools-for-stm32.10.3-2021.10.win32_1.0.0.202111181127/tools/bin/../lib/gcc/arm-none-eabi/10.3.1/../../../../arm-none-eabi/lib/thumb/v7-m/nofp\libc_nano.a(lib_a-lock.o)
                0x0000000020002df2                __lock___sinit_recursive_mutex
 *fill*         0x0000000020002df3        0x1 
 .bss.__malloc_free_list
                0x0000000020002df4        0x4 d:/program file/stm32_cubeide/stm32cubeide_1.9.0/stm32cubeide/plugins/com.st.stm32cube.ide.mcu.externaltools.gnu-tools-for-stm32.10.3-2021.10.win32_1.0.0.202111181127/tools/bin/../lib/gcc/arm-none-eabi/10.3.1/../../../../arm-none-eabi/lib/thumb/v7-m/nofp\libc_nano.a(lib_a-nano-mallocr.o)
                0x0000000020002df4                __malloc_free_list
 .bss.__malloc_sbrk_start
                0x0000000020002df8        0x4 d:/program file/stm32_cubeide/stm32cubeide_1.9.0/stm32cubeide/plugins/com.st.stm32cube.ide.mcu.externaltools.gnu-tools-for-stm32.10.3-2021.10.win32_1.0.0.202111181127/tools/bin/../lib/gcc/arm-none-eabi/10.3.1/../../../../arm-none-eabi/lib/thumb/v7-m/nofp\libc_nano.a(lib_a-nano-mallocr.o)
                0x0000000020002df8                __malloc_sbrk_start
 .bss.errno     0x0000000020002dfc        0x4 d:/program file/stm32_cubeide/stm32cubeide_1.9.0/stm32cubeide/plugins/com.st.stm32cube.ide.mcu.externaltools.gnu-tools-for-stm32.10.3-2021.10.win32_1.0.0.202111181127/tools/bin/../lib/gcc/arm-none-eabi/10.3.1/../../../../arm-none-eabi/lib/thumb/v7-m/nofp\libc_nano.a(lib_a-reent.o)
                0x0000000020002dfc                errno
 *(COMMON)
                0x0000000020002e00                . = ALIGN (0x4)
                0x0000000020002e00                _ebss = .
                0x0000000020002e00                __bss_end__ = _ebss

._user_heap_stack
                0x0000000020002e00      0x600 load address 0x0000000008006d00
                0x0000000020002e00                . = ALIGN (0x8)
                [!provide]                        PROVIDE (end = .)
                0x0000000020002e00                PROVIDE (_end = .)
                0x0000000020003000                . = (. + _Min_Heap_Size)
 *fill*         0x0000000020002e00      0x200 
                0x0000000020003400                . = (. + _Min_Stack_Size)
 *fill*         0x0000000020003000      0x400 
                0x0000000020003400                . = ALIGN (0x8)

/DISCARD/
 libc.a(*)
 libm.a(*)
 libgcc.a(*)

.ARM.attributes
                0x0000000000000000       0x29
 *(.ARM.attributes)
 .ARM.attributes
                0x0000000000000000       0x1d d:/program file/stm32_cubeide/stm32cubeide_1.9.0/stm32cubeide/plugins/com.st.stm32cube.ide.mcu.externaltools.gnu-tools-for-stm32.10.3-2021.10.win32_1.0.0.202111181127/tools/bin/../lib/gcc/arm-none-eabi/10.3.1/thumb/v7-m/nofp/crti.o
 .ARM.attributes
                0x000000000000001d       0x2d d:/program file/stm32_cubeide/stm32cubeide_1.9.0/stm32cubeide/plugins/com.st.stm32cube.ide.mcu.externaltools.gnu-tools-for-stm32.10.3-2021.10.win32_1.0.0.202111181127/tools/bin/../lib/gcc/arm-none-eabi/10.3.1/thumb/v7-m/nofp/crtbegin.o
 .ARM.attributes
                0x000000000000004a       0x2d ./Core/Src/flash.o
 .ARM.attributes
                0x0000000000000077       0x2d ./Core/Src/main.o
 .ARM.attributes
                0x00000000000000a4       0x2d ./Core/Src/stm32f2xx_hal_msp.o
 .ARM.attributes
                0x00000000000000d1       0x2d ./Core/Src/stm32f2xx_it.o
 .ARM.attributes
                0x00000000000000fe       0x2d ./Core/Src/syscalls.o
 .ARM.attributes
                0x000000000000012b       0x2d ./Core/Src/sysmem.o
 .ARM.attributes
                0x0000000000000158       0x2d ./Core/Src/system_stm32f2xx.o
 .ARM.attributes
                0x0000000000000185       0x21 ./Core/Startup/startup_stm32f205vgtx.o
 .ARM.attributes
                0x00000000000001a6       0x2d ./Drivers/STM32F2xx_HAL_Driver/Src/stm32f2xx_hal.o
 .ARM.attributes
                0x00000000000001d3       0x2d ./Drivers/STM32F2xx_HAL_Driver/Src/stm32f2xx_hal_cortex.o
 .ARM.attributes
                0x0000000000000200       0x2d ./Drivers/STM32F2xx_HAL_Driver/Src/stm32f2xx_hal_dma.o
 .ARM.attributes
                0x000000000000022d       0x2d ./Drivers/STM32F2xx_HAL_Driver/Src/stm32f2xx_hal_flash.o
 .ARM.attributes
                0x000000000000025a       0x2d ./Drivers/STM32F2xx_HAL_Driver/Src/stm32f2xx_hal_flash_ex.o
 .ARM.attributes
                0x0000000000000287       0x2d ./Drivers/STM32F2xx_HAL_Driver/Src/stm32f2xx_hal_gpio.o
 .ARM.attributes
                0x00000000000002b4       0x2d ./Drivers/STM32F2xx_HAL_Driver/Src/stm32f2xx_hal_rcc.o
 .ARM.attributes
                0x00000000000002e1       0x2d ./Drivers/STM32F2xx_HAL_Driver/Src/stm32f2xx_hal_uart.o
 .ARM.attributes
                0x000000000000030e       0x2d d:/program file/stm32_cubeide/stm32cubeide_1.9.0/stm32cubeide/plugins/com.st.stm32cube.ide.mcu.externaltools.gnu-tools-for-stm32.10.3-2021.10.win32_1.0.0.202111181127/tools/bin/../lib/gcc/arm-none-eabi/10.3.1/../../../../arm-none-eabi/lib/thumb/v7-m/nofp\libc_nano.a(lib_a-errno.o)
 .ARM.attributes
                0x000000000000033b       0x2d d:/program file/stm32_cubeide/stm32cubeide_1.9.0/stm32cubeide/plugins/com.st.stm32cube.ide.mcu.externaltools.gnu-tools-for-stm32.10.3-2021.10.win32_1.0.0.202111181127/tools/bin/../lib/gcc/arm-none-eabi/10.3.1/../../../../arm-none-eabi/lib/thumb/v7-m/nofp\libc_nano.a(lib_a-impure.o)
 .ARM.attributes
                0x0000000000000368       0x2d d:/program file/stm32_cubeide/stm32cubeide_1.9.0/stm32cubeide/plugins/com.st.stm32cube.ide.mcu.externaltools.gnu-tools-for-stm32.10.3-2021.10.win32_1.0.0.202111181127/tools/bin/../lib/gcc/arm-none-eabi/10.3.1/../../../../arm-none-eabi/lib/thumb/v7-m/nofp\libc_nano.a(lib_a-init.o)
 .ARM.attributes
                0x0000000000000395       0x2d d:/program file/stm32_cubeide/stm32cubeide_1.9.0/stm32cubeide/plugins/com.st.stm32cube.ide.mcu.externaltools.gnu-tools-for-stm32.10.3-2021.10.win32_1.0.0.202111181127/tools/bin/../lib/gcc/arm-none-eabi/10.3.1/../../../../arm-none-eabi/lib/thumb/v7-m/nofp\libc_nano.a(lib_a-memcmp.o)
 .ARM.attributes
                0x00000000000003c2       0x2d d:/program file/stm32_cubeide/stm32cubeide_1.9.0/stm32cubeide/plugins/com.st.stm32cube.ide.mcu.externaltools.gnu-tools-for-stm32.10.3-2021.10.win32_1.0.0.202111181127/tools/bin/../lib/gcc/arm-none-eabi/10.3.1/../../../../arm-none-eabi/lib/thumb/v7-m/nofp\libc_nano.a(lib_a-memcpy-stub.o)
 .ARM.attributes
                0x00000000000003ef       0x2d d:/program file/stm32_cubeide/stm32cubeide_1.9.0/stm32cubeide/plugins/com.st.stm32cube.ide.mcu.externaltools.gnu-tools-for-stm32.10.3-2021.10.win32_1.0.0.202111181127/tools/bin/../lib/gcc/arm-none-eabi/10.3.1/../../../../arm-none-eabi/lib/thumb/v7-m/nofp\libc_nano.a(lib_a-memset.o)
 .ARM.attributes
                0x000000000000041c       0x2d d:/program file/stm32_cubeide/stm32cubeide_1.9.0/stm32cubeide/plugins/com.st.stm32cube.ide.mcu.externaltools.gnu-tools-for-stm32.10.3-2021.10.win32_1.0.0.202111181127/tools/bin/../lib/gcc/arm-none-eabi/10.3.1/../../../../arm-none-eabi/lib/thumb/v7-m/nofp\libc_nano.a(lib_a-printf.o)
 .ARM.attributes
                0x0000000000000449       0x2d d:/program file/stm32_cubeide/stm32cubeide_1.9.0/stm32cubeide/plugins/com.st.stm32cube.ide.mcu.externaltools.gnu-tools-for-stm32.10.3-2021.10.win32_1.0.0.202111181127/tools/bin/../lib/gcc/arm-none-eabi/10.3.1/../../../../arm-none-eabi/lib/thumb/v7-m/nofp\libc_nano.a(lib_a-putchar.o)
 .ARM.attributes
                0x0000000000000476       0x2d d:/program file/stm32_cubeide/stm32cubeide_1.9.0/stm32cubeide/plugins/com.st.stm32cube.ide.mcu.externaltools.gnu-tools-for-stm32.10.3-2021.10.win32_1.0.0.202111181127/tools/bin/../lib/gcc/arm-none-eabi/10.3.1/../../../../arm-none-eabi/lib/thumb/v7-m/nofp\libc_nano.a(lib_a-puts.o)
 .ARM.attributes
                0x00000000000004a3       0x2d d:/program file/stm32_cubeide/stm32cubeide_1.9.0/stm32cubeide/plugins/com.st.stm32cube.ide.mcu.externaltools.gnu-tools-for-stm32.10.3-2021.10.win32_1.0.0.202111181127/tools/bin/../lib/gcc/arm-none-eabi/10.3.1/../../../../arm-none-eabi/lib/thumb/v7-m/nofp\libc_nano.a(lib_a-sprintf.o)
 .ARM.attributes
                0x00000000000004d0       0x2d d:/program file/stm32_cubeide/stm32cubeide_1.9.0/stm32cubeide/plugins/com.st.stm32cube.ide.mcu.externaltools.gnu-tools-for-stm32.10.3-2021.10.win32_1.0.0.202111181127/tools/bin/../lib/gcc/arm-none-eabi/10.3.1/../../../../arm-none-eabi/lib/thumb/v7-m/nofp\libc_nano.a(lib_a-wbuf.o)
 .ARM.attributes
                0x00000000000004fd       0x2d d:/program file/stm32_cubeide/stm32cubeide_1.9.0/stm32cubeide/plugins/com.st.stm32cube.ide.mcu.externaltools.gnu-tools-for-stm32.10.3-2021.10.win32_1.0.0.202111181127/tools/bin/../lib/gcc/arm-none-eabi/10.3.1/../../../../arm-none-eabi/lib/thumb/v7-m/nofp\libc_nano.a(lib_a-wsetup.o)
 .ARM.attributes
                0x000000000000052a       0x2d d:/program file/stm32_cubeide/stm32cubeide_1.9.0/stm32cubeide/plugins/com.st.stm32cube.ide.mcu.externaltools.gnu-tools-for-stm32.10.3-2021.10.win32_1.0.0.202111181127/tools/bin/../lib/gcc/arm-none-eabi/10.3.1/../../../../arm-none-eabi/lib/thumb/v7-m/nofp\libc_nano.a(lib_a-fflush.o)
 .ARM.attributes
                0x0000000000000557       0x2d d:/program file/stm32_cubeide/stm32cubeide_1.9.0/stm32cubeide/plugins/com.st.stm32cube.ide.mcu.externaltools.gnu-tools-for-stm32.10.3-2021.10.win32_1.0.0.202111181127/tools/bin/../lib/gcc/arm-none-eabi/10.3.1/../../../../arm-none-eabi/lib/thumb/v7-m/nofp\libc_nano.a(lib_a-findfp.o)
 .ARM.attributes
                0x0000000000000584       0x2d d:/program file/stm32_cubeide/stm32cubeide_1.9.0/stm32cubeide/plugins/com.st.stm32cube.ide.mcu.externaltools.gnu-tools-for-stm32.10.3-2021.10.win32_1.0.0.202111181127/tools/bin/../lib/gcc/arm-none-eabi/10.3.1/../../../../arm-none-eabi/lib/thumb/v7-m/nofp\libc_nano.a(lib_a-fwalk.o)
 .ARM.attributes
                0x00000000000005b1       0x2d d:/program file/stm32_cubeide/stm32cubeide_1.9.0/stm32cubeide/plugins/com.st.stm32cube.ide.mcu.externaltools.gnu-tools-for-stm32.10.3-2021.10.win32_1.0.0.202111181127/tools/bin/../lib/gcc/arm-none-eabi/10.3.1/../../../../arm-none-eabi/lib/thumb/v7-m/nofp\libc_nano.a(lib_a-lock.o)
 .ARM.attributes
                0x00000000000005de       0x2d d:/program file/stm32_cubeide/stm32cubeide_1.9.0/stm32cubeide/plugins/com.st.stm32cube.ide.mcu.externaltools.gnu-tools-for-stm32.10.3-2021.10.win32_1.0.0.202111181127/tools/bin/../lib/gcc/arm-none-eabi/10.3.1/../../../../arm-none-eabi/lib/thumb/v7-m/nofp\libc_nano.a(lib_a-makebuf.o)
 .ARM.attributes
                0x000000000000060b       0x2d d:/program file/stm32_cubeide/stm32cubeide_1.9.0/stm32cubeide/plugins/com.st.stm32cube.ide.mcu.externaltools.gnu-tools-for-stm32.10.3-2021.10.win32_1.0.0.202111181127/tools/bin/../lib/gcc/arm-none-eabi/10.3.1/../../../../arm-none-eabi/lib/thumb/v7-m/nofp\libc_nano.a(lib_a-nano-freer.o)
 .ARM.attributes
                0x0000000000000638       0x2d d:/program file/stm32_cubeide/stm32cubeide_1.9.0/stm32cubeide/plugins/com.st.stm32cube.ide.mcu.externaltools.gnu-tools-for-stm32.10.3-2021.10.win32_1.0.0.202111181127/tools/bin/../lib/gcc/arm-none-eabi/10.3.1/../../../../arm-none-eabi/lib/thumb/v7-m/nofp\libc_nano.a(lib_a-nano-mallocr.o)
 .ARM.attributes
                0x0000000000000665       0x2d d:/program file/stm32_cubeide/stm32cubeide_1.9.0/stm32cubeide/plugins/com.st.stm32cube.ide.mcu.externaltools.gnu-tools-for-stm32.10.3-2021.10.win32_1.0.0.202111181127/tools/bin/../lib/gcc/arm-none-eabi/10.3.1/../../../../arm-none-eabi/lib/thumb/v7-m/nofp\libc_nano.a(lib_a-nano-svfprintf.o)
 .ARM.attributes
                0x0000000000000692       0x2d d:/program file/stm32_cubeide/stm32cubeide_1.9.0/stm32cubeide/plugins/com.st.stm32cube.ide.mcu.externaltools.gnu-tools-for-stm32.10.3-2021.10.win32_1.0.0.202111181127/tools/bin/../lib/gcc/arm-none-eabi/10.3.1/../../../../arm-none-eabi/lib/thumb/v7-m/nofp\libc_nano.a(lib_a-nano-vfprintf.o)
 .ARM.attributes
                0x00000000000006bf       0x2d d:/program file/stm32_cubeide/stm32cubeide_1.9.0/stm32cubeide/plugins/com.st.stm32cube.ide.mcu.externaltools.gnu-tools-for-stm32.10.3-2021.10.win32_1.0.0.202111181127/tools/bin/../lib/gcc/arm-none-eabi/10.3.1/../../../../arm-none-eabi/lib/thumb/v7-m/nofp\libc_nano.a(lib_a-nano-vfprintf_i.o)
 .ARM.attributes
                0x00000000000006ec       0x2d d:/program file/stm32_cubeide/stm32cubeide_1.9.0/stm32cubeide/plugins/com.st.stm32cube.ide.mcu.externaltools.gnu-tools-for-stm32.10.3-2021.10.win32_1.0.0.202111181127/tools/bin/../lib/gcc/arm-none-eabi/10.3.1/../../../../arm-none-eabi/lib/thumb/v7-m/nofp\libc_nano.a(lib_a-putc.o)
 .ARM.attributes
                0x0000000000000719       0x2d d:/program file/stm32_cubeide/stm32cubeide_1.9.0/stm32cubeide/plugins/com.st.stm32cube.ide.mcu.externaltools.gnu-tools-for-stm32.10.3-2021.10.win32_1.0.0.202111181127/tools/bin/../lib/gcc/arm-none-eabi/10.3.1/../../../../arm-none-eabi/lib/thumb/v7-m/nofp\libc_nano.a(lib_a-sbrkr.o)
 .ARM.attributes
                0x0000000000000746       0x2d d:/program file/stm32_cubeide/stm32cubeide_1.9.0/stm32cubeide/plugins/com.st.stm32cube.ide.mcu.externaltools.gnu-tools-for-stm32.10.3-2021.10.win32_1.0.0.202111181127/tools/bin/../lib/gcc/arm-none-eabi/10.3.1/../../../../arm-none-eabi/lib/thumb/v7-m/nofp\libc_nano.a(lib_a-stdio.o)
 .ARM.attributes
                0x0000000000000773       0x2d d:/program file/stm32_cubeide/stm32cubeide_1.9.0/stm32cubeide/plugins/com.st.stm32cube.ide.mcu.externaltools.gnu-tools-for-stm32.10.3-2021.10.win32_1.0.0.202111181127/tools/bin/../lib/gcc/arm-none-eabi/10.3.1/../../../../arm-none-eabi/lib/thumb/v7-m/nofp\libc_nano.a(lib_a-writer.o)
 .ARM.attributes
                0x00000000000007a0       0x2d d:/program file/stm32_cubeide/stm32cubeide_1.9.0/stm32cubeide/plugins/com.st.stm32cube.ide.mcu.externaltools.gnu-tools-for-stm32.10.3-2021.10.win32_1.0.0.202111181127/tools/bin/../lib/gcc/arm-none-eabi/10.3.1/../../../../arm-none-eabi/lib/thumb/v7-m/nofp\libc_nano.a(lib_a-closer.o)
 .ARM.attributes
                0x00000000000007cd       0x2d d:/program file/stm32_cubeide/stm32cubeide_1.9.0/stm32cubeide/plugins/com.st.stm32cube.ide.mcu.externaltools.gnu-tools-for-stm32.10.3-2021.10.win32_1.0.0.202111181127/tools/bin/../lib/gcc/arm-none-eabi/10.3.1/../../../../arm-none-eabi/lib/thumb/v7-m/nofp\libc_nano.a(lib_a-fstatr.o)
 .ARM.attributes
                0x00000000000007fa       0x2d d:/program file/stm32_cubeide/stm32cubeide_1.9.0/stm32cubeide/plugins/com.st.stm32cube.ide.mcu.externaltools.gnu-tools-for-stm32.10.3-2021.10.win32_1.0.0.202111181127/tools/bin/../lib/gcc/arm-none-eabi/10.3.1/../../../../arm-none-eabi/lib/thumb/v7-m/nofp\libc_nano.a(lib_a-isattyr.o)
 .ARM.attributes
                0x0000000000000827       0x2d d:/program file/stm32_cubeide/stm32cubeide_1.9.0/stm32cubeide/plugins/com.st.stm32cube.ide.mcu.externaltools.gnu-tools-for-stm32.10.3-2021.10.win32_1.0.0.202111181127/tools/bin/../lib/gcc/arm-none-eabi/10.3.1/../../../../arm-none-eabi/lib/thumb/v7-m/nofp\libc_nano.a(lib_a-lseekr.o)
 .ARM.attributes
                0x0000000000000854       0x2d d:/program file/stm32_cubeide/stm32cubeide_1.9.0/stm32cubeide/plugins/com.st.stm32cube.ide.mcu.externaltools.gnu-tools-for-stm32.10.3-2021.10.win32_1.0.0.202111181127/tools/bin/../lib/gcc/arm-none-eabi/10.3.1/../../../../arm-none-eabi/lib/thumb/v7-m/nofp\libc_nano.a(lib_a-memchr-stub.o)
 .ARM.attributes
                0x0000000000000881       0x2d d:/program file/stm32_cubeide/stm32cubeide_1.9.0/stm32cubeide/plugins/com.st.stm32cube.ide.mcu.externaltools.gnu-tools-for-stm32.10.3-2021.10.win32_1.0.0.202111181127/tools/bin/../lib/gcc/arm-none-eabi/10.3.1/../../../../arm-none-eabi/lib/thumb/v7-m/nofp\libc_nano.a(lib_a-memmove.o)
 .ARM.attributes
                0x00000000000008ae       0x2d d:/program file/stm32_cubeide/stm32cubeide_1.9.0/stm32cubeide/plugins/com.st.stm32cube.ide.mcu.externaltools.gnu-tools-for-stm32.10.3-2021.10.win32_1.0.0.202111181127/tools/bin/../lib/gcc/arm-none-eabi/10.3.1/../../../../arm-none-eabi/lib/thumb/v7-m/nofp\libc_nano.a(lib_a-mlock.o)
 .ARM.attributes
                0x00000000000008db       0x2d d:/program file/stm32_cubeide/stm32cubeide_1.9.0/stm32cubeide/plugins/com.st.stm32cube.ide.mcu.externaltools.gnu-tools-for-stm32.10.3-2021.10.win32_1.0.0.202111181127/tools/bin/../lib/gcc/arm-none-eabi/10.3.1/../../../../arm-none-eabi/lib/thumb/v7-m/nofp\libc_nano.a(lib_a-nano-reallocr.o)
 .ARM.attributes
                0x0000000000000908       0x2d d:/program file/stm32_cubeide/stm32cubeide_1.9.0/stm32cubeide/plugins/com.st.stm32cube.ide.mcu.externaltools.gnu-tools-for-stm32.10.3-2021.10.win32_1.0.0.202111181127/tools/bin/../lib/gcc/arm-none-eabi/10.3.1/../../../../arm-none-eabi/lib/thumb/v7-m/nofp\libc_nano.a(lib_a-readr.o)
 .ARM.attributes
                0x0000000000000935       0x2d d:/program file/stm32_cubeide/stm32cubeide_1.9.0/stm32cubeide/plugins/com.st.stm32cube.ide.mcu.externaltools.gnu-tools-for-stm32.10.3-2021.10.win32_1.0.0.202111181127/tools/bin/../lib/gcc/arm-none-eabi/10.3.1/../../../../arm-none-eabi/lib/thumb/v7-m/nofp\libc_nano.a(lib_a-reent.o)
 .ARM.attributes
                0x0000000000000962       0x2d d:/program file/stm32_cubeide/stm32cubeide_1.9.0/stm32cubeide/plugins/com.st.stm32cube.ide.mcu.externaltools.gnu-tools-for-stm32.10.3-2021.10.win32_1.0.0.202111181127/tools/bin/../lib/gcc/arm-none-eabi/10.3.1/../../../../arm-none-eabi/lib/thumb/v7-m/nofp\libc_nano.a(lib_a-nano-msizer.o)
 .ARM.attributes
                0x000000000000098f       0x1d d:/program file/stm32_cubeide/stm32cubeide_1.9.0/stm32cubeide/plugins/com.st.stm32cube.ide.mcu.externaltools.gnu-tools-for-stm32.10.3-2021.10.win32_1.0.0.202111181127/tools/bin/../lib/gcc/arm-none-eabi/10.3.1/thumb/v7-m/nofp\libgcc.a(_aeabi_uldivmod.o)
 .ARM.attributes
                0x00000000000009ac       0x2d d:/program file/stm32_cubeide/stm32cubeide_1.9.0/stm32cubeide/plugins/com.st.stm32cube.ide.mcu.externaltools.gnu-tools-for-stm32.10.3-2021.10.win32_1.0.0.202111181127/tools/bin/../lib/gcc/arm-none-eabi/10.3.1/thumb/v7-m/nofp\libgcc.a(_udivmoddi4.o)
 .ARM.attributes
                0x00000000000009d9       0x1d d:/program file/stm32_cubeide/stm32cubeide_1.9.0/stm32cubeide/plugins/com.st.stm32cube.ide.mcu.externaltools.gnu-tools-for-stm32.10.3-2021.10.win32_1.0.0.202111181127/tools/bin/../lib/gcc/arm-none-eabi/10.3.1/thumb/v7-m/nofp\libgcc.a(_dvmd_tls.o)
 .ARM.attributes
                0x00000000000009f6       0x1d d:/program file/stm32_cubeide/stm32cubeide_1.9.0/stm32cubeide/plugins/com.st.stm32cube.ide.mcu.externaltools.gnu-tools-for-stm32.10.3-2021.10.win32_1.0.0.202111181127/tools/bin/../lib/gcc/arm-none-eabi/10.3.1/thumb/v7-m/nofp/crtn.o
OUTPUT(Serial_Printer_dev.elf elf32-littlearm)
LOAD linker stubs
LOAD d:/program file/stm32_cubeide/stm32cubeide_1.9.0/stm32cubeide/plugins/com.st.stm32cube.ide.mcu.externaltools.gnu-tools-for-stm32.10.3-2021.10.win32_1.0.0.202111181127/tools/bin/../lib/gcc/arm-none-eabi/10.3.1/../../../../arm-none-eabi/lib/thumb/v7-m/nofp\libc.a
LOAD d:/program file/stm32_cubeide/stm32cubeide_1.9.0/stm32cubeide/plugins/com.st.stm32cube.ide.mcu.externaltools.gnu-tools-for-stm32.10.3-2021.10.win32_1.0.0.202111181127/tools/bin/../lib/gcc/arm-none-eabi/10.3.1/../../../../arm-none-eabi/lib/thumb/v7-m/nofp\libm.a
LOAD d:/program file/stm32_cubeide/stm32cubeide_1.9.0/stm32cubeide/plugins/com.st.stm32cube.ide.mcu.externaltools.gnu-tools-for-stm32.10.3-2021.10.win32_1.0.0.202111181127/tools/bin/../lib/gcc/arm-none-eabi/10.3.1/thumb/v7-m/nofp\libgcc.a

.debug_info     0x0000000000000000     0xb412
 .debug_info    0x0000000000000000      0x471 ./Core/Src/flash.o
 .debug_info    0x0000000000000471     0x1e79 ./Core/Src/main.o
 .debug_info    0x00000000000022ea      0xc5f ./Core/Src/stm32f2xx_hal_msp.o
 .debug_info    0x0000000000002f49      0x6bf ./Core/Src/stm32f2xx_it.o
 .debug_info    0x0000000000003608      0x6e0 ./Core/Src/syscalls.o
 .debug_info    0x0000000000003ce8      0x171 ./Core/Src/sysmem.o
 .debug_info    0x0000000000003e59      0x368 ./Core/Src/system_stm32f2xx.o
 .debug_info    0x00000000000041c1       0x22 ./Core/Startup/startup_stm32f205vgtx.o
 .debug_info    0x00000000000041e3      0x9eb ./Drivers/STM32F2xx_HAL_Driver/Src/stm32f2xx_hal.o
 .debug_info    0x0000000000004bce      0xe09 ./Drivers/STM32F2xx_HAL_Driver/Src/stm32f2xx_hal_cortex.o
 .debug_info    0x00000000000059d7      0x94f ./Drivers/STM32F2xx_HAL_Driver/Src/stm32f2xx_hal_dma.o
 .debug_info    0x0000000000006326      0x5c3 ./Drivers/STM32F2xx_HAL_Driver/Src/stm32f2xx_hal_flash.o
 .debug_info    0x00000000000068e9      0x709 ./Drivers/STM32F2xx_HAL_Driver/Src/stm32f2xx_hal_flash_ex.o
 .debug_info    0x0000000000006ff2      0x730 ./Drivers/STM32F2xx_HAL_Driver/Src/stm32f2xx_hal_gpio.o
 .debug_info    0x0000000000007722      0xaf7 ./Drivers/STM32F2xx_HAL_Driver/Src/stm32f2xx_hal_rcc.o
 .debug_info    0x0000000000008219     0x31f9 ./Drivers/STM32F2xx_HAL_Driver/Src/stm32f2xx_hal_uart.o

.debug_abbrev   0x0000000000000000     0x20a6
 .debug_abbrev  0x0000000000000000      0x17e ./Core/Src/flash.o
 .debug_abbrev  0x000000000000017e      0x3f9 ./Core/Src/main.o