../Core/Src/main.c:88:1:__io_putchar	1
../Core/Src/main.c:278:6:ProcessUart2Data	4
../Core/Src/main.c:422:6:PrintUart3Data	44
../Core/Src/main.c:484:6:wait_res_init	1
../Core/Src/main.c:491:6:Handle_Uart	6
../Core/Src/main.c:572:6:xuly_command_ESP	1
../Core/Src/main.c:578:6:PrintTempBufferData	3
../Core/Src/main.c:590:6:WriteBufferToFlash	1
../Core/Src/main.c:603:6:Write_Byte	2
../Core/Src/main.c:657:6:ReadAndPrintFirst4096Bytes	3
../Core/Src/main.c:682:6:save_data_to_flash	3
../Core/Src/main.c:719:6:test_write_byte	2
../Core/Src/main.c:828:5:main	12
../Core/Src/main.c:968:6:SystemClock_Config	3
../Core/Src/main.c:1009:13:MX_USART1_UART_Init	2
../Core/Src/main.c:1042:13:MX_USART2_UART_Init	2
../Core/Src/main.c:1075:13:MX_USART3_UART_Init	2
../Core/Src/main.c:1108:13:MX_GPIO_Init	1
../Core/Src/main.c:1152:6:HAL_UART_RxCpltCallback	2
../Core/Src/main.c:1167:6:HAL_UARTEx_RxEventCallback	5
../Core/Src/main.c:1210:6:HAL_UART_TxCpltCallback	4
../Core/Src/main.c:1233:6:Error_Handler	1
