../Core/Src/main.c:88:1:__io_putchar	16	static
../Core/Src/main.c:278:6:ProcessUart2Data	24	static
../Core/Src/main.c:422:6:PrintUart3Data	24	static
../Core/Src/main.c:484:6:wait_res_init	16	static
../Core/Src/main.c:491:6:Handle_Uart	16	static
../Core/Src/main.c:572:6:xuly_command_ESP	8	static
../Core/Src/main.c:578:6:PrintTempBufferData	16	static
../Core/Src/main.c:590:6:WriteBufferToFlash	32	static
../Core/Src/main.c:603:6:Write_Byte	40	static
../Core/Src/main.c:657:6:ReadAndPrintFirst4096Bytes	72	dynamic
../Core/Src/main.c:682:6:save_data_to_flash	16432	static
../Core/Src/main.c:719:6:test_write_byte	4144	static
../Core/Src/main.c:828:5:main	24	static
../Core/Src/main.c:968:6:SystemClock_Config	80	static
../Core/Src/main.c:1009:13:MX_USART1_UART_Init	8	static
../Core/Src/main.c:1042:13:MX_USART2_UART_Init	8	static
../Core/Src/main.c:1075:13:MX_USART3_UART_Init	8	static
../Core/Src/main.c:1108:13:MX_GPIO_Init	48	static
../Core/Src/main.c:1152:6:HAL_UART_RxCpltCallback	24	static
../Core/Src/main.c:1167:6:HAL_UARTEx_RxEventCallback	16	static
../Core/Src/main.c:1210:6:HAL_UART_TxCpltCallback	16	static
../Core/Src/main.c:1233:6:Error_Handler	4	static,ignoring_inline_asm
